[2022-04-30T22:10:50.087+0100][gc,heap] Heap region size: 1M
[2022-04-30T22:10:50.092+0100][gc     ] Using G1
[2022-04-30T22:10:50.093+0100][gc,heap,coops] Heap address: 0x00000000c0000000, size: 1024 MB, Compressed Oops mode: 32-bit
[2022-04-30T22:10:50.094+0100][gc,cds       ] Mark closed archive regions in map: [0x00000000fff00000, 0x00000000fff6aff8]
[2022-04-30T22:10:50.094+0100][gc,cds       ] Mark open archive regions in map: [0x00000000ffe00000, 0x00000000ffe46ff8]
[2022-04-30T22:10:51.887+0100][gc,start     ] GC(0) Pause Young (Normal) (G1 Evacuation Pause)
[2022-04-30T22:10:51.889+0100][gc,task      ] GC(0) Using 13 workers of 13 for evacuation
[2022-04-30T22:10:51.902+0100][gc,phases    ] GC(0)   Pre Evacuate Collection Set: 0.0ms
[2022-04-30T22:10:51.902+0100][gc,phases    ] GC(0)   Evacuate Collection Set: 12.0ms
[2022-04-30T22:10:51.902+0100][gc,phases    ] GC(0)   Post Evacuate Collection Set: 0.6ms
[2022-04-30T22:10:51.903+0100][gc,phases    ] GC(0)   Other: 2.2ms
[2022-04-30T22:10:51.903+0100][gc,heap      ] GC(0) Eden regions: 51->0(44)
[2022-04-30T22:10:51.903+0100][gc,heap      ] GC(0) Survivor regions: 0->7(7)
[2022-04-30T22:10:51.903+0100][gc,heap      ] GC(0) Old regions: 2->2
[2022-04-30T22:10:51.903+0100][gc,heap      ] GC(0) Humongous regions: 0->0
[2022-04-30T22:10:51.903+0100][gc,metaspace ] GC(0) Metaspace: 15212K->15212K(1062912K)
[2022-04-30T22:10:51.904+0100][gc           ] GC(0) Pause Young (Normal) (G1 Evacuation Pause) 51M->7M(1024M) 16.362ms
[2022-04-30T22:10:51.904+0100][gc,cpu       ] GC(0) User=0.14s Sys=0.02s Real=0.02s
[2022-04-30T22:10:52.444+0100][gc,start     ] GC(1) Pause Young (Concurrent Start) (Metadata GC Threshold)
[2022-04-30T22:10:52.444+0100][gc,task      ] GC(1) Using 13 workers of 13 for evacuation
[2022-04-30T22:10:52.455+0100][gc,phases    ] GC(1)   Pre Evacuate Collection Set: 0.1ms
[2022-04-30T22:10:52.455+0100][gc,phases    ] GC(1)   Evacuate Collection Set: 9.1ms
[2022-04-30T22:10:52.455+0100][gc,phases    ] GC(1)   Post Evacuate Collection Set: 0.7ms
[2022-04-30T22:10:52.455+0100][gc,phases    ] GC(1)   Other: 1.0ms
[2022-04-30T22:10:52.456+0100][gc,heap      ] GC(1) Eden regions: 21->0(49)
[2022-04-30T22:10:52.456+0100][gc,heap      ] GC(1) Survivor regions: 7->2(7)
[2022-04-30T22:10:52.456+0100][gc,heap      ] GC(1) Old regions: 2->9
[2022-04-30T22:10:52.456+0100][gc,heap      ] GC(1) Humongous regions: 0->0
[2022-04-30T22:10:52.456+0100][gc,metaspace ] GC(1) Metaspace: 20593K->20593K(1067008K)
[2022-04-30T22:10:52.456+0100][gc           ] GC(1) Pause Young (Concurrent Start) (Metadata GC Threshold) 28M->8M(1024M) 12.699ms
[2022-04-30T22:10:52.457+0100][gc,cpu       ] GC(1) User=0.04s Sys=0.04s Real=0.01s
[2022-04-30T22:10:52.457+0100][gc           ] GC(2) Concurrent Cycle
[2022-04-30T22:10:52.457+0100][gc,marking   ] GC(2) Concurrent Clear Claimed Marks
[2022-04-30T22:10:52.457+0100][gc,marking   ] GC(2) Concurrent Clear Claimed Marks 0.249ms
[2022-04-30T22:10:52.458+0100][gc,marking   ] GC(2) Concurrent Scan Root Regions
[2022-04-30T22:10:52.459+0100][gc,marking   ] GC(2) Concurrent Scan Root Regions 0.951ms
[2022-04-30T22:10:52.459+0100][gc,marking   ] GC(2) Concurrent Mark (2.425s)
[2022-04-30T22:10:52.459+0100][gc,marking   ] GC(2) Concurrent Mark From Roots
[2022-04-30T22:10:52.459+0100][gc,task      ] GC(2) Using 3 workers of 3 for marking
[2022-04-30T22:10:52.462+0100][gc,marking   ] GC(2) Concurrent Mark From Roots 3.011ms
[2022-04-30T22:10:52.462+0100][gc,marking   ] GC(2) Concurrent Preclean
[2022-04-30T22:10:52.463+0100][gc,marking   ] GC(2) Concurrent Preclean 0.410ms
[2022-04-30T22:10:52.463+0100][gc,marking   ] GC(2) Concurrent Mark (2.425s, 2.429s) 4.276ms
[2022-04-30T22:10:52.464+0100][gc,start     ] GC(2) Pause Remark
[2022-04-30T22:10:52.465+0100][gc,stringtable] GC(2) Cleaned string and symbol table, strings: 5057 processed, 0 removed, symbols: 50623 processed, 58 removed
[2022-04-30T22:10:52.466+0100][gc            ] GC(2) Pause Remark 8M->8M(1024M) 2.319ms
[2022-04-30T22:10:52.466+0100][gc,cpu        ] GC(2) User=0.01s Sys=0.00s Real=0.00s
[2022-04-30T22:10:52.466+0100][gc,marking    ] GC(2) Concurrent Rebuild Remembered Sets
[2022-04-30T22:10:52.468+0100][gc,marking    ] GC(2) Concurrent Rebuild Remembered Sets 1.853ms
[2022-04-30T22:10:52.469+0100][gc,start      ] GC(2) Pause Cleanup
[2022-04-30T22:10:52.469+0100][gc            ] GC(2) Pause Cleanup 8M->8M(1024M) 0.560ms
[2022-04-30T22:10:52.470+0100][gc,cpu        ] GC(2) User=0.00s Sys=0.01s Real=0.01s
[2022-04-30T22:10:52.470+0100][gc,marking    ] GC(2) Concurrent Cleanup for Next Mark
[2022-04-30T22:10:52.472+0100][gc,marking    ] GC(2) Concurrent Cleanup for Next Mark 2.153ms
[2022-04-30T22:10:52.473+0100][gc            ] GC(2) Concurrent Cycle 15.681ms
[2022-04-30T22:11:07.435+0100][gc,start      ] GC(3) Pause Young (Normal) (G1 Evacuation Pause)
[2022-04-30T22:11:07.435+0100][gc,task       ] GC(3) Using 13 workers of 13 for evacuation
[2022-04-30T22:11:07.437+0100][gc,phases     ] GC(3)   Pre Evacuate Collection Set: 0.0ms
[2022-04-30T22:11:07.437+0100][gc,phases     ] GC(3)   Evacuate Collection Set: 1.3ms
[2022-04-30T22:11:07.438+0100][gc,phases     ] GC(3)   Post Evacuate Collection Set: 0.6ms
[2022-04-30T22:11:07.438+0100][gc,phases     ] GC(3)   Other: 0.6ms
[2022-04-30T22:11:07.438+0100][gc,heap       ] GC(3) Eden regions: 49->0(47)
[2022-04-30T22:11:07.438+0100][gc,heap       ] GC(3) Survivor regions: 2->4(7)
[2022-04-30T22:11:07.438+0100][gc,heap       ] GC(3) Old regions: 9->9
[2022-04-30T22:11:07.439+0100][gc,heap       ] GC(3) Humongous regions: 129->129
[2022-04-30T22:11:07.439+0100][gc,metaspace  ] GC(3) Metaspace: 28452K->28452K(1075200K)
[2022-04-30T22:11:07.439+0100][gc            ] GC(3) Pause Young (Normal) (G1 Evacuation Pause) 186M->139M(1024M) 4.444ms
[2022-04-30T22:11:07.439+0100][gc,cpu        ] GC(3) User=0.02s Sys=0.01s Real=0.01s
[2022-04-30T22:11:08.111+0100][gc,start      ] GC(4) Pause Young (Concurrent Start) (Metadata GC Threshold)
[2022-04-30T22:11:08.111+0100][gc,task       ] GC(4) Using 13 workers of 13 for evacuation
[2022-04-30T22:11:08.115+0100][gc,phases     ] GC(4)   Pre Evacuate Collection Set: 0.1ms
[2022-04-30T22:11:08.116+0100][gc,phases     ] GC(4)   Evacuate Collection Set: 2.6ms
[2022-04-30T22:11:08.116+0100][gc,phases     ] GC(4)   Post Evacuate Collection Set: 1.0ms
[2022-04-30T22:11:08.116+0100][gc,phases     ] GC(4)   Other: 0.8ms
[2022-04-30T22:11:08.117+0100][gc,heap       ] GC(4) Eden regions: 38->0(44)
[2022-04-30T22:11:08.117+0100][gc,heap       ] GC(4) Survivor regions: 4->7(7)
[2022-04-30T22:11:08.117+0100][gc,heap       ] GC(4) Old regions: 9->9
[2022-04-30T22:11:08.117+0100][gc,heap       ] GC(4) Humongous regions: 129->129
[2022-04-30T22:11:08.117+0100][gc,metaspace  ] GC(4) Metaspace: 34458K->34458K(1081344K)
[2022-04-30T22:11:08.117+0100][gc            ] GC(4) Pause Young (Concurrent Start) (Metadata GC Threshold) 176M->142M(1024M) 6.457ms
[2022-04-30T22:11:08.118+0100][gc,cpu        ] GC(4) User=0.03s Sys=0.00s Real=0.00s
[2022-04-30T22:11:08.118+0100][gc            ] GC(5) Concurrent Cycle
[2022-04-30T22:11:08.118+0100][gc,marking    ] GC(5) Concurrent Clear Claimed Marks
[2022-04-30T22:11:08.118+0100][gc,marking    ] GC(5) Concurrent Clear Claimed Marks 0.351ms
[2022-04-30T22:11:08.119+0100][gc,marking    ] GC(5) Concurrent Scan Root Regions
[2022-04-30T22:11:08.120+0100][gc,marking    ] GC(5) Concurrent Scan Root Regions 1.708ms
[2022-04-30T22:11:08.121+0100][gc,marking    ] GC(5) Concurrent Mark (18.087s)
[2022-04-30T22:11:08.121+0100][gc,marking    ] GC(5) Concurrent Mark From Roots
[2022-04-30T22:11:08.121+0100][gc,task       ] GC(5) Using 3 workers of 3 for marking
[2022-04-30T22:11:08.124+0100][gc,marking    ] GC(5) Concurrent Mark From Roots 3.687ms
[2022-04-30T22:11:08.125+0100][gc,marking    ] GC(5) Concurrent Preclean
[2022-04-30T22:11:08.125+0100][gc,marking    ] GC(5) Concurrent Preclean 0.331ms
[2022-04-30T22:11:08.125+0100][gc,marking    ] GC(5) Concurrent Mark (18.087s, 18.091s) 4.676ms
[2022-04-30T22:11:08.126+0100][gc,start      ] GC(5) Pause Remark
[2022-04-30T22:11:08.129+0100][gc,stringtable] GC(5) Cleaned string and symbol table, strings: 10732 processed, 12 removed, symbols: 79305 processed, 15 removed
[2022-04-30T22:11:08.130+0100][gc            ] GC(5) Pause Remark 143M->143M(1024M) 3.818ms
[2022-04-30T22:11:08.130+0100][gc,cpu        ] GC(5) User=0.00s Sys=0.05s Real=0.01s
[2022-04-30T22:11:08.130+0100][gc,marking    ] GC(5) Concurrent Rebuild Remembered Sets
[2022-04-30T22:11:08.133+0100][gc,marking    ] GC(5) Concurrent Rebuild Remembered Sets 2.418ms
[2022-04-30T22:11:08.134+0100][gc,start      ] GC(5) Pause Cleanup
[2022-04-30T22:11:08.134+0100][gc            ] GC(5) Pause Cleanup 143M->143M(1024M) 0.528ms
[2022-04-30T22:11:08.134+0100][gc,cpu        ] GC(5) User=0.00s Sys=0.00s Real=0.00s
[2022-04-30T22:11:08.135+0100][gc,marking    ] GC(5) Concurrent Cleanup for Next Mark
[2022-04-30T22:11:08.139+0100][gc,marking    ] GC(5) Concurrent Cleanup for Next Mark 4.156ms
[2022-04-30T22:11:08.139+0100][gc            ] GC(5) Concurrent Cycle 21.345ms
[2022-04-30T22:11:09.314+0100][gc,start      ] GC(6) Pause Young (Normal) (G1 Evacuation Pause)
[2022-04-30T22:11:09.314+0100][gc,task       ] GC(6) Using 13 workers of 13 for evacuation
[2022-04-30T22:11:09.323+0100][gc,phases     ] GC(6)   Pre Evacuate Collection Set: 0.0ms
[2022-04-30T22:11:09.323+0100][gc,phases     ] GC(6)   Evacuate Collection Set: 7.3ms
[2022-04-30T22:11:09.323+0100][gc,phases     ] GC(6)   Post Evacuate Collection Set: 1.1ms
[2022-04-30T22:11:09.324+0100][gc,phases     ] GC(6)   Other: 0.7ms
[2022-04-30T22:11:09.324+0100][gc,heap       ] GC(6) Eden regions: 44->0(45)
[2022-04-30T22:11:09.324+0100][gc,heap       ] GC(6) Survivor regions: 7->6(7)
[2022-04-30T22:11:09.324+0100][gc,heap       ] GC(6) Old regions: 9->12
[2022-04-30T22:11:09.324+0100][gc,heap       ] GC(6) Humongous regions: 159->129
[2022-04-30T22:11:09.325+0100][gc,metaspace  ] GC(6) Metaspace: 41546K->41546K(1087488K)
[2022-04-30T22:11:09.325+0100][gc            ] GC(6) Pause Young (Normal) (G1 Evacuation Pause) 216M->144M(1024M) 10.861ms
[2022-04-30T22:11:09.325+0100][gc,cpu        ] GC(6) User=0.11s Sys=0.01s Real=0.01s
[2022-04-30T22:11:09.337+0100][gc,heap,exit  ] Heap
[2022-04-30T22:11:09.338+0100][gc,heap,exit  ]  garbage-first heap   total 1048576K, used 147939K [0x00000000c0000000, 0x0000000100000000)
[2022-04-30T22:11:09.338+0100][gc,heap,exit  ]   region size 1024K, 7 young (7168K), 6 survivors (6144K)
[2022-04-30T22:11:09.338+0100][gc,heap,exit  ]  Metaspace       used 41592K, capacity 43822K, committed 44032K, reserved 1087488K
[2022-04-30T22:11:09.338+0100][gc,heap,exit  ]   class space    used 5726K, capacity 6848K, committed 6912K, reserved 1048576K
