[2022-04-30T23:25:32.663+0100][gc,heap] Heap region size: 1M
[2022-04-30T23:25:32.669+0100][gc     ] Using G1
[2022-04-30T23:25:32.669+0100][gc,heap,coops] Heap address: 0x00000000c0000000, size: 1024 MB, Compressed Oops mode: 32-bit
[2022-04-30T23:25:32.669+0100][gc,cds       ] Mark closed archive regions in map: [0x00000000fff00000, 0x00000000fff6aff8]
[2022-04-30T23:25:32.670+0100][gc,cds       ] Mark open archive regions in map: [0x00000000ffe00000, 0x00000000ffe46ff8]
[2022-04-30T23:25:33.870+0100][gc,heap,exit ] Heap
[2022-04-30T23:25:33.870+0100][gc,heap,exit ]  garbage-first heap   total 1048576K, used 30408K [0x00000000c0000000, 0x0000000100000000)
[2022-04-30T23:25:33.878+0100][gc,heap,exit ]   region size 1024K, 30 young (30720K), 0 survivors (0K)
[2022-04-30T23:25:33.878+0100][gc,heap,exit ]  Metaspace       used 9789K, capacity 10077K, committed 10368K, reserved 1058816K
[2022-04-30T23:25:33.879+0100][gc,heap,exit ]   class space    used 1266K, capacity 1369K, committed 1408K, reserved 1048576K
