[2022-04-30T22:12:15.218+0100][gc,heap] Heap region size: 1M
[2022-04-30T22:12:15.224+0100][gc     ] Using G1
[2022-04-30T22:12:15.225+0100][gc,heap,coops] Heap address: 0x00000000c0000000, size: 1024 MB, Compressed Oops mode: 32-bit
[2022-04-30T22:12:15.225+0100][gc,cds       ] Mark closed archive regions in map: [0x00000000fff00000, 0x00000000fff6aff8]
[2022-04-30T22:12:15.225+0100][gc,cds       ] Mark open archive regions in map: [0x00000000ffe00000, 0x00000000ffe46ff8]
[2022-04-30T22:12:16.938+0100][gc,start     ] GC(0) Pause Young (Normal) (G1 Evacuation Pause)
[2022-04-30T22:12:16.940+0100][gc,task      ] GC(0) Using 13 workers of 13 for evacuation
[2022-04-30T22:12:16.950+0100][gc,phases    ] GC(0)   Pre Evacuate Collection Set: 0.0ms
[2022-04-30T22:12:16.951+0100][gc,phases    ] GC(0)   Evacuate Collection Set: 9.7ms
[2022-04-30T22:12:16.951+0100][gc,phases    ] GC(0)   Post Evacuate Collection Set: 0.6ms
[2022-04-30T22:12:16.951+0100][gc,phases    ] GC(0)   Other: 2.0ms
[2022-04-30T22:12:16.951+0100][gc,heap      ] GC(0) Eden regions: 51->0(44)
[2022-04-30T22:12:16.951+0100][gc,heap      ] GC(0) Survivor regions: 0->7(7)
[2022-04-30T22:12:16.952+0100][gc,heap      ] GC(0) Old regions: 2->2
[2022-04-30T22:12:16.952+0100][gc,heap      ] GC(0) Humongous regions: 0->0
[2022-04-30T22:12:16.952+0100][gc,metaspace ] GC(0) Metaspace: 15483K->15483K(1062912K)
[2022-04-30T22:12:16.952+0100][gc           ] GC(0) Pause Young (Normal) (G1 Evacuation Pause) 51M->7M(1024M) 14.101ms
[2022-04-30T22:12:16.952+0100][gc,cpu       ] GC(0) User=0.12s Sys=0.00s Real=0.02s
[2022-04-30T22:12:17.474+0100][gc,start     ] GC(1) Pause Young (Concurrent Start) (Metadata GC Threshold)
[2022-04-30T22:12:17.474+0100][gc,task      ] GC(1) Using 13 workers of 13 for evacuation
[2022-04-30T22:12:17.485+0100][gc,phases    ] GC(1)   Pre Evacuate Collection Set: 0.1ms
[2022-04-30T22:12:17.485+0100][gc,phases    ] GC(1)   Evacuate Collection Set: 9.7ms
[2022-04-30T22:12:17.486+0100][gc,phases    ] GC(1)   Post Evacuate Collection Set: 0.6ms
[2022-04-30T22:12:17.486+0100][gc,phases    ] GC(1)   Other: 0.7ms
[2022-04-30T22:12:17.486+0100][gc,heap      ] GC(1) Eden regions: 20->0(50)
[2022-04-30T22:12:17.486+0100][gc,heap      ] GC(1) Survivor regions: 7->1(7)
[2022-04-30T22:12:17.486+0100][gc,heap      ] GC(1) Old regions: 2->9
[2022-04-30T22:12:17.487+0100][gc,heap      ] GC(1) Humongous regions: 0->0
[2022-04-30T22:12:17.487+0100][gc,metaspace ] GC(1) Metaspace: 20578K->20578K(1067008K)
[2022-04-30T22:12:17.487+0100][gc           ] GC(1) Pause Young (Concurrent Start) (Metadata GC Threshold) 27M->8M(1024M) 13.005ms
[2022-04-30T22:12:17.487+0100][gc,cpu       ] GC(1) User=0.03s Sys=0.05s Real=0.01s
[2022-04-30T22:12:17.487+0100][gc           ] GC(2) Concurrent Cycle
[2022-04-30T22:12:17.488+0100][gc,marking   ] GC(2) Concurrent Clear Claimed Marks
[2022-04-30T22:12:17.488+0100][gc,marking   ] GC(2) Concurrent Clear Claimed Marks 0.388ms
[2022-04-30T22:12:17.488+0100][gc,marking   ] GC(2) Concurrent Scan Root Regions
[2022-04-30T22:12:17.489+0100][gc,marking   ] GC(2) Concurrent Scan Root Regions 0.987ms
[2022-04-30T22:12:17.490+0100][gc,marking   ] GC(2) Concurrent Mark (2.325s)
[2022-04-30T22:12:17.490+0100][gc,marking   ] GC(2) Concurrent Mark From Roots
[2022-04-30T22:12:17.490+0100][gc,task      ] GC(2) Using 3 workers of 3 for marking
[2022-04-30T22:12:17.493+0100][gc,marking   ] GC(2) Concurrent Mark From Roots 2.961ms
[2022-04-30T22:12:17.493+0100][gc,marking   ] GC(2) Concurrent Preclean
[2022-04-30T22:12:17.493+0100][gc,marking   ] GC(2) Concurrent Preclean 0.392ms
[2022-04-30T22:12:17.494+0100][gc,marking   ] GC(2) Concurrent Mark (2.325s, 2.329s) 4.150ms
[2022-04-30T22:12:17.494+0100][gc,start     ] GC(2) Pause Remark
[2022-04-30T22:12:17.496+0100][gc,stringtable] GC(2) Cleaned string and symbol table, strings: 5055 processed, 0 removed, symbols: 50619 processed, 58 removed
[2022-04-30T22:12:17.496+0100][gc            ] GC(2) Pause Remark 8M->8M(1024M) 2.262ms
[2022-04-30T22:12:17.497+0100][gc,cpu        ] GC(2) User=0.02s Sys=0.00s Real=0.00s
[2022-04-30T22:12:17.497+0100][gc,marking    ] GC(2) Concurrent Rebuild Remembered Sets
[2022-04-30T22:12:17.499+0100][gc,marking    ] GC(2) Concurrent Rebuild Remembered Sets 1.773ms
[2022-04-30T22:12:17.499+0100][gc,start      ] GC(2) Pause Cleanup
[2022-04-30T22:12:17.500+0100][gc            ] GC(2) Pause Cleanup 8M->8M(1024M) 0.563ms
[2022-04-30T22:12:17.500+0100][gc,cpu        ] GC(2) User=0.00s Sys=0.00s Real=0.00s
[2022-04-30T22:12:17.500+0100][gc,marking    ] GC(2) Concurrent Cleanup for Next Mark
[2022-04-30T22:12:17.502+0100][gc,marking    ] GC(2) Concurrent Cleanup for Next Mark 1.747ms
[2022-04-30T22:12:17.503+0100][gc            ] GC(2) Concurrent Cycle 15.176ms
[2022-04-30T22:12:24.607+0100][gc,start      ] GC(3) Pause Young (Normal) (G1 Evacuation Pause)
[2022-04-30T22:12:24.607+0100][gc,task       ] GC(3) Using 13 workers of 13 for evacuation
[2022-04-30T22:12:24.610+0100][gc,phases     ] GC(3)   Pre Evacuate Collection Set: 0.0ms
[2022-04-30T22:12:24.610+0100][gc,phases     ] GC(3)   Evacuate Collection Set: 1.4ms
[2022-04-30T22:12:24.610+0100][gc,phases     ] GC(3)   Post Evacuate Collection Set: 0.6ms
[2022-04-30T22:12:24.610+0100][gc,phases     ] GC(3)   Other: 0.6ms
[2022-04-30T22:12:24.610+0100][gc,heap       ] GC(3) Eden regions: 50->0(47)
[2022-04-30T22:12:24.611+0100][gc,heap       ] GC(3) Survivor regions: 1->4(7)
[2022-04-30T22:12:24.611+0100][gc,heap       ] GC(3) Old regions: 9->9
[2022-04-30T22:12:24.611+0100][gc,heap       ] GC(3) Humongous regions: 129->129
[2022-04-30T22:12:24.611+0100][gc,metaspace  ] GC(3) Metaspace: 28652K->28652K(1075200K)
[2022-04-30T22:12:24.611+0100][gc            ] GC(3) Pause Young (Normal) (G1 Evacuation Pause) 187M->139M(1024M) 4.168ms
[2022-04-30T22:12:24.611+0100][gc,cpu        ] GC(3) User=0.02s Sys=0.00s Real=0.01s
[2022-04-30T22:12:25.225+0100][gc,start      ] GC(4) Pause Young (Concurrent Start) (Metadata GC Threshold)
[2022-04-30T22:12:25.225+0100][gc,task       ] GC(4) Using 13 workers of 13 for evacuation
[2022-04-30T22:12:25.231+0100][gc,phases     ] GC(4)   Pre Evacuate Collection Set: 0.1ms
[2022-04-30T22:12:25.231+0100][gc,phases     ] GC(4)   Evacuate Collection Set: 3.8ms
[2022-04-30T22:12:25.231+0100][gc,phases     ] GC(4)   Post Evacuate Collection Set: 0.8ms
[2022-04-30T22:12:25.231+0100][gc,phases     ] GC(4)   Other: 0.7ms
[2022-04-30T22:12:25.231+0100][gc,heap       ] GC(4) Eden regions: 37->0(44)
[2022-04-30T22:12:25.232+0100][gc,heap       ] GC(4) Survivor regions: 4->7(7)
[2022-04-30T22:12:25.232+0100][gc,heap       ] GC(4) Old regions: 9->9
[2022-04-30T22:12:25.232+0100][gc,heap       ] GC(4) Humongous regions: 129->129
[2022-04-30T22:12:25.232+0100][gc,metaspace  ] GC(4) Metaspace: 34361K->34361K(1081344K)
[2022-04-30T22:12:25.232+0100][gc            ] GC(4) Pause Young (Concurrent Start) (Metadata GC Threshold) 175M->142M(1024M) 7.229ms
[2022-04-30T22:12:25.233+0100][gc,cpu        ] GC(4) User=0.05s Sys=0.00s Real=0.01s
[2022-04-30T22:12:25.233+0100][gc            ] GC(5) Concurrent Cycle
[2022-04-30T22:12:25.233+0100][gc,marking    ] GC(5) Concurrent Clear Claimed Marks
[2022-04-30T22:12:25.234+0100][gc,marking    ] GC(5) Concurrent Clear Claimed Marks 0.475ms
[2022-04-30T22:12:25.234+0100][gc,marking    ] GC(5) Concurrent Scan Root Regions
[2022-04-30T22:12:25.236+0100][gc,marking    ] GC(5) Concurrent Scan Root Regions 1.802ms
[2022-04-30T22:12:25.236+0100][gc,marking    ] GC(5) Concurrent Mark (10.072s)
[2022-04-30T22:12:25.236+0100][gc,marking    ] GC(5) Concurrent Mark From Roots
[2022-04-30T22:12:25.236+0100][gc,task       ] GC(5) Using 3 workers of 3 for marking
[2022-04-30T22:12:25.240+0100][gc,marking    ] GC(5) Concurrent Mark From Roots 3.475ms
[2022-04-30T22:12:25.240+0100][gc,marking    ] GC(5) Concurrent Preclean
[2022-04-30T22:12:25.240+0100][gc,marking    ] GC(5) Concurrent Preclean 0.291ms
[2022-04-30T22:12:25.240+0100][gc,marking    ] GC(5) Concurrent Mark (10.072s, 10.076s) 4.580ms
[2022-04-30T22:12:25.241+0100][gc,start      ] GC(5) Pause Remark
[2022-04-30T22:12:25.246+0100][gc,stringtable] GC(5) Cleaned string and symbol table, strings: 10631 processed, 12 removed, symbols: 79291 processed, 15 removed
[2022-04-30T22:12:25.250+0100][gc            ] GC(5) Pause Remark 142M->142M(1024M) 8.836ms
[2022-04-30T22:12:25.250+0100][gc,cpu        ] GC(5) User=0.04s Sys=0.00s Real=0.01s
[2022-04-30T22:12:25.251+0100][gc,marking    ] GC(5) Concurrent Rebuild Remembered Sets
[2022-04-30T22:12:25.253+0100][gc,marking    ] GC(5) Concurrent Rebuild Remembered Sets 2.309ms
[2022-04-30T22:12:25.254+0100][gc,start      ] GC(5) Pause Cleanup
[2022-04-30T22:12:25.254+0100][gc            ] GC(5) Pause Cleanup 143M->143M(1024M) 0.508ms
[2022-04-30T22:12:25.255+0100][gc,cpu        ] GC(5) User=0.00s Sys=0.00s Real=0.00s
[2022-04-30T22:12:25.255+0100][gc,marking    ] GC(5) Concurrent Cleanup for Next Mark
[2022-04-30T22:12:25.258+0100][gc,marking    ] GC(5) Concurrent Cleanup for Next Mark 3.485ms
[2022-04-30T22:12:25.259+0100][gc            ] GC(5) Concurrent Cycle 25.765ms
[2022-04-30T22:12:26.314+0100][gc,start      ] GC(6) Pause Young (Normal) (G1 Evacuation Pause)
[2022-04-30T22:12:26.314+0100][gc,task       ] GC(6) Using 13 workers of 13 for evacuation
[2022-04-30T22:12:26.323+0100][gc,phases     ] GC(6)   Pre Evacuate Collection Set: 0.0ms
[2022-04-30T22:12:26.324+0100][gc,phases     ] GC(6)   Evacuate Collection Set: 8.0ms
[2022-04-30T22:12:26.324+0100][gc,phases     ] GC(6)   Post Evacuate Collection Set: 1.1ms
[2022-04-30T22:12:26.324+0100][gc,phases     ] GC(6)   Other: 0.5ms
[2022-04-30T22:12:26.324+0100][gc,heap       ] GC(6) Eden regions: 44->0(45)
[2022-04-30T22:12:26.324+0100][gc,heap       ] GC(6) Survivor regions: 7->6(7)
[2022-04-30T22:12:26.324+0100][gc,heap       ] GC(6) Old regions: 9->12
[2022-04-30T22:12:26.325+0100][gc,heap       ] GC(6) Humongous regions: 153->129
[2022-04-30T22:12:26.325+0100][gc,metaspace  ] GC(6) Metaspace: 41851K->41851K(1087488K)
[2022-04-30T22:12:26.325+0100][gc            ] GC(6) Pause Young (Normal) (G1 Evacuation Pause) 210M->144M(1024M) 11.226ms
[2022-04-30T22:12:26.325+0100][gc,cpu        ] GC(6) User=0.11s Sys=0.00s Real=0.01s
[2022-04-30T22:12:26.354+0100][gc,heap,exit  ] Heap
[2022-04-30T22:12:26.354+0100][gc,heap,exit  ]  garbage-first heap   total 1048576K, used 151412K [0x00000000c0000000, 0x0000000100000000)
[2022-04-30T22:12:26.355+0100][gc,heap,exit  ]   region size 1024K, 10 young (10240K), 6 survivors (6144K)
[2022-04-30T22:12:26.355+0100][gc,heap,exit  ]  Metaspace       used 41943K, capacity 44308K, committed 44544K, reserved 1087488K
[2022-04-30T22:12:26.355+0100][gc,heap,exit  ]   class space    used 5853K, capacity 7049K, committed 7168K, reserved 1048576K
