[2022-04-30T18:35:44.954+0100][gc,heap] Heap region size: 1M
[2022-04-30T18:35:44.963+0100][gc     ] Using G1
[2022-04-30T18:35:44.964+0100][gc,heap,coops] Heap address: 0x00000000c0000000, size: 1024 MB, Compressed Oops mode: 32-bit
[2022-04-30T18:35:44.964+0100][gc,cds       ] Mark closed archive regions in map: [0x00000000fff00000, 0x00000000fff6aff8]
[2022-04-30T18:35:44.964+0100][gc,cds       ] Mark open archive regions in map: [0x00000000ffe00000, 0x00000000ffe46ff8]
[2022-04-30T18:35:48.229+0100][gc,start     ] GC(0) Pause Young (Normal) (G1 Evacuation Pause)
[2022-04-30T18:35:48.231+0100][gc,task      ] GC(0) Using 13 workers of 13 for evacuation
[2022-04-30T18:35:48.246+0100][gc,phases    ] GC(0)   Pre Evacuate Collection Set: 0.0ms
[2022-04-30T18:35:48.247+0100][gc,phases    ] GC(0)   Evacuate Collection Set: 13.2ms
[2022-04-30T18:35:48.247+0100][gc,phases    ] GC(0)   Post Evacuate Collection Set: 0.8ms
[2022-04-30T18:35:48.248+0100][gc,phases    ] GC(0)   Other: 3.0ms
[2022-04-30T18:35:48.249+0100][gc,heap      ] GC(0) Eden regions: 51->0(44)
[2022-04-30T18:35:48.249+0100][gc,heap      ] GC(0) Survivor regions: 0->7(7)
[2022-04-30T18:35:48.249+0100][gc,heap      ] GC(0) Old regions: 2->2
[2022-04-30T18:35:48.250+0100][gc,heap      ] GC(0) Humongous regions: 0->0
[2022-04-30T18:35:48.250+0100][gc,metaspace ] GC(0) Metaspace: 15487K->15487K(1062912K)
[2022-04-30T18:35:48.251+0100][gc           ] GC(0) Pause Young (Normal) (G1 Evacuation Pause) 51M->7M(1024M) 21.305ms
[2022-04-30T18:35:48.251+0100][gc,cpu       ] GC(0) User=0.10s Sys=0.06s Real=0.02s
[2022-04-30T18:35:49.232+0100][gc,start     ] GC(1) Pause Young (Concurrent Start) (Metadata GC Threshold)
[2022-04-30T18:35:49.232+0100][gc,task      ] GC(1) Using 13 workers of 13 for evacuation
[2022-04-30T18:35:49.251+0100][gc,phases    ] GC(1)   Pre Evacuate Collection Set: 0.1ms
[2022-04-30T18:35:49.251+0100][gc,phases    ] GC(1)   Evacuate Collection Set: 15.7ms
[2022-04-30T18:35:49.252+0100][gc,phases    ] GC(1)   Post Evacuate Collection Set: 2.0ms
[2022-04-30T18:35:49.252+0100][gc,phases    ] GC(1)   Other: 1.2ms
[2022-04-30T18:35:49.253+0100][gc,heap      ] GC(1) Eden regions: 20->0(50)
[2022-04-30T18:35:49.253+0100][gc,heap      ] GC(1) Survivor regions: 7->1(7)
[2022-04-30T18:35:49.253+0100][gc,heap      ] GC(1) Old regions: 2->9
[2022-04-30T18:35:49.254+0100][gc,heap      ] GC(1) Humongous regions: 0->0
[2022-04-30T18:35:49.254+0100][gc,metaspace ] GC(1) Metaspace: 20559K->20559K(1067008K)
[2022-04-30T18:35:49.255+0100][gc           ] GC(1) Pause Young (Concurrent Start) (Metadata GC Threshold) 27M->8M(1024M) 22.942ms
[2022-04-30T18:35:49.255+0100][gc,cpu       ] GC(1) User=0.11s Sys=0.02s Real=0.02s
[2022-04-30T18:35:49.256+0100][gc           ] GC(2) Concurrent Cycle
[2022-04-30T18:35:49.257+0100][gc,marking   ] GC(2) Concurrent Clear Claimed Marks
[2022-04-30T18:35:49.257+0100][gc,marking   ] GC(2) Concurrent Clear Claimed Marks 0.437ms
[2022-04-30T18:35:49.258+0100][gc,marking   ] GC(2) Concurrent Scan Root Regions
[2022-04-30T18:35:49.259+0100][gc,marking   ] GC(2) Concurrent Scan Root Regions 1.546ms
[2022-04-30T18:35:49.260+0100][gc,marking   ] GC(2) Concurrent Mark (4.374s)
[2022-04-30T18:35:49.260+0100][gc,marking   ] GC(2) Concurrent Mark From Roots
[2022-04-30T18:35:49.261+0100][gc,task      ] GC(2) Using 3 workers of 3 for marking
[2022-04-30T18:35:49.267+0100][gc,marking   ] GC(2) Concurrent Mark From Roots 6.642ms
[2022-04-30T18:35:49.267+0100][gc,marking   ] GC(2) Concurrent Preclean
[2022-04-30T18:35:49.269+0100][gc,marking   ] GC(2) Concurrent Preclean 1.939ms
[2022-04-30T18:35:49.271+0100][gc,marking   ] GC(2) Concurrent Mark (4.374s, 4.385s) 11.180ms
[2022-04-30T18:35:49.272+0100][gc,start     ] GC(2) Pause Remark
[2022-04-30T18:35:49.277+0100][gc,stringtable] GC(2) Cleaned string and symbol table, strings: 5051 processed, 0 removed, symbols: 50587 processed, 58 removed
[2022-04-30T18:35:49.278+0100][gc            ] GC(2) Pause Remark 8M->8M(1024M) 6.329ms
[2022-04-30T18:35:49.279+0100][gc,cpu        ] GC(2) User=0.03s Sys=0.01s Real=0.00s
[2022-04-30T18:35:49.279+0100][gc,marking    ] GC(2) Concurrent Rebuild Remembered Sets
[2022-04-30T18:35:49.285+0100][gc,marking    ] GC(2) Concurrent Rebuild Remembered Sets 5.246ms
[2022-04-30T18:35:49.286+0100][gc,start      ] GC(2) Pause Cleanup
[2022-04-30T18:35:49.286+0100][gc            ] GC(2) Pause Cleanup 8M->8M(1024M) 0.956ms
[2022-04-30T18:35:49.287+0100][gc,cpu        ] GC(2) User=0.00s Sys=0.00s Real=0.00s
[2022-04-30T18:35:49.287+0100][gc,marking    ] GC(2) Concurrent Cleanup for Next Mark
[2022-04-30T18:35:49.291+0100][gc,marking    ] GC(2) Concurrent Cleanup for Next Mark 3.579ms
[2022-04-30T18:35:49.291+0100][gc            ] GC(2) Concurrent Cycle 35.613ms
[2022-04-30T18:35:51.093+0100][gc,start      ] GC(3) Pause Young (Normal) (G1 Evacuation Pause)
[2022-04-30T18:35:51.093+0100][gc,task       ] GC(3) Using 13 workers of 13 for evacuation
[2022-04-30T18:35:51.098+0100][gc,phases     ] GC(3)   Pre Evacuate Collection Set: 0.0ms
[2022-04-30T18:35:51.098+0100][gc,phases     ] GC(3)   Evacuate Collection Set: 3.4ms
[2022-04-30T18:35:51.099+0100][gc,phases     ] GC(3)   Post Evacuate Collection Set: 1.0ms
[2022-04-30T18:35:51.099+0100][gc,phases     ] GC(3)   Other: 0.8ms
[2022-04-30T18:35:51.100+0100][gc,heap       ] GC(3) Eden regions: 50->0(46)
[2022-04-30T18:35:51.100+0100][gc,heap       ] GC(3) Survivor regions: 1->5(7)
[2022-04-30T18:35:51.100+0100][gc,heap       ] GC(3) Old regions: 9->9
[2022-04-30T18:35:51.101+0100][gc,heap       ] GC(3) Humongous regions: 129->129
[2022-04-30T18:35:51.101+0100][gc,metaspace  ] GC(3) Metaspace: 29175K->29175K(1075200K)
[2022-04-30T18:35:51.102+0100][gc            ] GC(3) Pause Young (Normal) (G1 Evacuation Pause) 187M->140M(1024M) 9.020ms
[2022-04-30T18:35:51.102+0100][gc,cpu        ] GC(3) User=0.04s Sys=0.00s Real=0.01s
[2022-04-30T18:35:51.902+0100][gc,start      ] GC(4) Pause Young (Concurrent Start) (Metadata GC Threshold)
[2022-04-30T18:35:51.903+0100][gc,task       ] GC(4) Using 13 workers of 13 for evacuation
[2022-04-30T18:35:51.916+0100][gc,phases     ] GC(4)   Pre Evacuate Collection Set: 0.2ms
[2022-04-30T18:35:51.917+0100][gc,phases     ] GC(4)   Evacuate Collection Set: 12.2ms
[2022-04-30T18:35:51.917+0100][gc,phases     ] GC(4)   Post Evacuate Collection Set: 0.8ms
[2022-04-30T18:35:51.917+0100][gc,phases     ] GC(4)   Other: 0.9ms
[2022-04-30T18:35:51.917+0100][gc,heap       ] GC(4) Eden regions: 26->0(45)
[2022-04-30T18:35:51.918+0100][gc,heap       ] GC(4) Survivor regions: 5->6(7)
[2022-04-30T18:35:51.918+0100][gc,heap       ] GC(4) Old regions: 9->10
[2022-04-30T18:35:51.919+0100][gc,heap       ] GC(4) Humongous regions: 129->129
[2022-04-30T18:35:51.919+0100][gc,metaspace  ] GC(4) Metaspace: 34468K->34468K(1081344K)
[2022-04-30T18:35:51.920+0100][gc            ] GC(4) Pause Young (Concurrent Start) (Metadata GC Threshold) 165M->142M(1024M) 17.352ms
[2022-04-30T18:35:51.920+0100][gc,cpu        ] GC(4) User=0.06s Sys=0.10s Real=0.02s
[2022-04-30T18:35:51.921+0100][gc            ] GC(5) Concurrent Cycle
[2022-04-30T18:35:51.922+0100][gc,marking    ] GC(5) Concurrent Clear Claimed Marks
[2022-04-30T18:35:51.923+0100][gc,marking    ] GC(5) Concurrent Clear Claimed Marks 1.076ms
[2022-04-30T18:35:51.924+0100][gc,marking    ] GC(5) Concurrent Scan Root Regions
[2022-04-30T18:35:51.927+0100][gc,marking    ] GC(5) Concurrent Scan Root Regions 3.100ms
[2022-04-30T18:35:51.928+0100][gc,marking    ] GC(5) Concurrent Mark (7.042s)
[2022-04-30T18:35:51.928+0100][gc,marking    ] GC(5) Concurrent Mark From Roots
[2022-04-30T18:35:51.929+0100][gc,task       ] GC(5) Using 3 workers of 3 for marking
[2022-04-30T18:35:51.936+0100][gc,marking    ] GC(5) Concurrent Mark From Roots 7.165ms
[2022-04-30T18:35:51.936+0100][gc,marking    ] GC(5) Concurrent Preclean
[2022-04-30T18:35:51.936+0100][gc,marking    ] GC(5) Concurrent Preclean 0.415ms
[2022-04-30T18:35:51.937+0100][gc,marking    ] GC(5) Concurrent Mark (7.042s, 7.051s) 8.800ms
[2022-04-30T18:35:51.938+0100][gc,start      ] GC(5) Pause Remark
[2022-04-30T18:35:51.940+0100][gc,stringtable] GC(5) Cleaned string and symbol table, strings: 10330 processed, 12 removed, symbols: 83301 processed, 16 removed
[2022-04-30T18:35:51.946+0100][gc            ] GC(5) Pause Remark 143M->143M(1024M) 8.211ms
[2022-04-30T18:35:51.946+0100][gc,cpu        ] GC(5) User=0.03s Sys=0.01s Real=0.01s
[2022-04-30T18:35:51.947+0100][gc,marking    ] GC(5) Concurrent Rebuild Remembered Sets
[2022-04-30T18:35:51.951+0100][gc,marking    ] GC(5) Concurrent Rebuild Remembered Sets 3.830ms
[2022-04-30T18:35:51.951+0100][gc,start      ] GC(5) Pause Cleanup
[2022-04-30T18:35:51.952+0100][gc            ] GC(5) Pause Cleanup 143M->143M(1024M) 0.694ms
[2022-04-30T18:35:51.953+0100][gc,cpu        ] GC(5) User=0.00s Sys=0.00s Real=0.00s
[2022-04-30T18:35:51.953+0100][gc,marking    ] GC(5) Concurrent Cleanup for Next Mark
[2022-04-30T18:35:51.956+0100][gc,marking    ] GC(5) Concurrent Cleanup for Next Mark 3.129ms
[2022-04-30T18:35:51.957+0100][gc            ] GC(5) Concurrent Cycle 35.254ms
[2022-04-30T19:00:40.281+0100][gc,start      ] GC(6) Pause Young (Normal) (G1 Evacuation Pause)
[2022-04-30T19:00:40.281+0100][gc,task       ] GC(6) Using 13 workers of 13 for evacuation
[2022-04-30T19:00:40.289+0100][gc,phases     ] GC(6)   Pre Evacuate Collection Set: 0.1ms
[2022-04-30T19:00:40.289+0100][gc,phases     ] GC(6)   Evacuate Collection Set: 5.8ms
[2022-04-30T19:00:40.290+0100][gc,phases     ] GC(6)   Post Evacuate Collection Set: 1.5ms
[2022-04-30T19:00:40.290+0100][gc,phases     ] GC(6)   Other: 0.9ms
[2022-04-30T19:00:40.290+0100][gc,heap       ] GC(6) Eden regions: 45->0(47)
[2022-04-30T19:00:40.290+0100][gc,heap       ] GC(6) Survivor regions: 6->4(7)
[2022-04-30T19:00:40.291+0100][gc,heap       ] GC(6) Old regions: 10->13
[2022-04-30T19:00:40.291+0100][gc,heap       ] GC(6) Humongous regions: 129->129
[2022-04-30T19:00:40.291+0100][gc,metaspace  ] GC(6) Metaspace: 40410K->40410K(1085440K)
[2022-04-30T19:00:40.291+0100][gc            ] GC(6) Pause Young (Normal) (G1 Evacuation Pause) 187M->143M(1024M) 10.302ms
[2022-04-30T19:00:40.291+0100][gc,cpu        ] GC(6) User=0.06s Sys=0.02s Real=0.01s
[2022-04-30T19:30:58.456+0100][gc,start      ] GC(7) Pause Young (Normal) (G1 Evacuation Pause)
[2022-04-30T19:30:58.457+0100][gc,task       ] GC(7) Using 13 workers of 13 for evacuation
[2022-04-30T19:30:58.462+0100][gc,phases     ] GC(7)   Pre Evacuate Collection Set: 0.1ms
[2022-04-30T19:30:58.463+0100][gc,phases     ] GC(7)   Evacuate Collection Set: 3.7ms
[2022-04-30T19:30:58.463+0100][gc,phases     ] GC(7)   Post Evacuate Collection Set: 1.4ms
[2022-04-30T19:30:58.463+0100][gc,phases     ] GC(7)   Other: 0.9ms
[2022-04-30T19:30:58.463+0100][gc,heap       ] GC(7) Eden regions: 47->0(46)
[2022-04-30T19:30:58.463+0100][gc,heap       ] GC(7) Survivor regions: 4->5(7)
[2022-04-30T19:30:58.464+0100][gc,heap       ] GC(7) Old regions: 13->13
[2022-04-30T19:30:58.464+0100][gc,heap       ] GC(7) Humongous regions: 129->129
[2022-04-30T19:30:58.464+0100][gc,metaspace  ] GC(7) Metaspace: 42557K->42557K(1087488K)
[2022-04-30T19:30:58.464+0100][gc            ] GC(7) Pause Young (Normal) (G1 Evacuation Pause) 190M->144M(1024M) 8.004ms
[2022-04-30T19:30:58.464+0100][gc,cpu        ] GC(7) User=0.05s Sys=0.00s Real=0.01s
[2022-04-30T19:39:50.283+0100][gc,start      ] GC(8) Pause Young (Normal) (G1 Evacuation Pause)
[2022-04-30T19:39:50.283+0100][gc,task       ] GC(8) Using 13 workers of 13 for evacuation
[2022-04-30T19:39:50.290+0100][gc,phases     ] GC(8)   Pre Evacuate Collection Set: 0.1ms
[2022-04-30T19:39:50.290+0100][gc,phases     ] GC(8)   Evacuate Collection Set: 4.5ms
[2022-04-30T19:39:50.290+0100][gc,phases     ] GC(8)   Post Evacuate Collection Set: 1.7ms
[2022-04-30T19:39:50.291+0100][gc,phases     ] GC(8)   Other: 0.7ms
[2022-04-30T19:39:50.291+0100][gc,heap       ] GC(8) Eden regions: 46->0(46)
[2022-04-30T19:39:50.291+0100][gc,heap       ] GC(8) Survivor regions: 5->5(7)
[2022-04-30T19:39:50.291+0100][gc,heap       ] GC(8) Old regions: 13->15
[2022-04-30T19:39:50.291+0100][gc,heap       ] GC(8) Humongous regions: 129->129
[2022-04-30T19:39:50.292+0100][gc,metaspace  ] GC(8) Metaspace: 44527K->44527K(1089536K)
[2022-04-30T19:39:50.292+0100][gc            ] GC(8) Pause Young (Normal) (G1 Evacuation Pause) 190M->146M(1024M) 9.043ms
[2022-04-30T19:39:50.292+0100][gc,cpu        ] GC(8) User=0.04s Sys=0.02s Real=0.01s
[2022-04-30T20:09:25.308+0100][gc,start      ] GC(9) Pause Young (Normal) (G1 Evacuation Pause)
[2022-04-30T20:09:25.317+0100][gc,task       ] GC(9) Using 13 workers of 13 for evacuation
[2022-04-30T20:09:25.701+0100][gc,mmu        ] GC(9) MMU target violated: 21.0ms (20.0ms/21.0ms)
[2022-04-30T20:09:25.704+0100][gc,phases     ] GC(9)   Pre Evacuate Collection Set: 102.1ms
[2022-04-30T20:09:25.705+0100][gc,phases     ] GC(9)   Evacuate Collection Set: 249.3ms
[2022-04-30T20:09:25.707+0100][gc,phases     ] GC(9)   Post Evacuate Collection Set: 22.3ms
[2022-04-30T20:09:25.708+0100][gc,phases     ] GC(9)   Other: 27.2ms
[2022-04-30T20:09:25.710+0100][gc,heap       ] GC(9) Eden regions: 46->0(46)
[2022-04-30T20:09:25.711+0100][gc,heap       ] GC(9) Survivor regions: 5->5(7)
[2022-04-30T20:09:25.713+0100][gc,heap       ] GC(9) Old regions: 15->16
[2022-04-30T20:09:25.714+0100][gc,heap       ] GC(9) Humongous regions: 129->129
[2022-04-30T20:09:25.716+0100][gc,metaspace  ] GC(9) Metaspace: 44822K->44822K(1089536K)
[2022-04-30T20:09:25.718+0100][gc            ] GC(9) Pause Young (Normal) (G1 Evacuation Pause) 192M->147M(1024M) 410.094ms
[2022-04-30T20:09:25.720+0100][gc,cpu        ] GC(9) User=2.98s Sys=0.41s Real=0.42s
[2022-04-30T20:25:10.173+0100][gc,start      ] GC(10) Pause Young (Normal) (G1 Evacuation Pause)
[2022-04-30T20:25:10.173+0100][gc,task       ] GC(10) Using 13 workers of 13 for evacuation
[2022-04-30T20:25:10.177+0100][gc,phases     ] GC(10)   Pre Evacuate Collection Set: 0.2ms
[2022-04-30T20:25:10.178+0100][gc,phases     ] GC(10)   Evacuate Collection Set: 2.1ms
[2022-04-30T20:25:10.178+0100][gc,phases     ] GC(10)   Post Evacuate Collection Set: 1.5ms
[2022-04-30T20:25:10.178+0100][gc,phases     ] GC(10)   Other: 0.8ms
[2022-04-30T20:25:10.178+0100][gc,heap       ] GC(10) Eden regions: 46->0(48)
[2022-04-30T20:25:10.178+0100][gc,heap       ] GC(10) Survivor regions: 5->3(7)
[2022-04-30T20:25:10.179+0100][gc,heap       ] GC(10) Old regions: 16->18
[2022-04-30T20:25:10.179+0100][gc,heap       ] GC(10) Humongous regions: 129->129
[2022-04-30T20:25:10.179+0100][gc,metaspace  ] GC(10) Metaspace: 44897K->44897K(1089536K)
[2022-04-30T20:25:10.179+0100][gc            ] GC(10) Pause Young (Normal) (G1 Evacuation Pause) 193M->147M(1024M) 6.593ms
[2022-04-30T20:25:10.179+0100][gc,cpu        ] GC(10) User=0.03s Sys=0.01s Real=0.01s
[2022-04-30T20:36:40.919+0100][gc,start      ] GC(11) Pause Young (Normal) (G1 Evacuation Pause)
[2022-04-30T20:36:40.919+0100][gc,task       ] GC(11) Using 13 workers of 13 for evacuation
[2022-04-30T20:36:40.923+0100][gc,phases     ] GC(11)   Pre Evacuate Collection Set: 0.1ms
[2022-04-30T20:36:40.923+0100][gc,phases     ] GC(11)   Evacuate Collection Set: 1.8ms
[2022-04-30T20:36:40.923+0100][gc,phases     ] GC(11)   Post Evacuate Collection Set: 1.2ms
[2022-04-30T20:36:40.923+0100][gc,phases     ] GC(11)   Other: 0.9ms
[2022-04-30T20:36:40.924+0100][gc,heap       ] GC(11) Eden regions: 48->0(47)
[2022-04-30T20:36:40.924+0100][gc,heap       ] GC(11) Survivor regions: 3->4(7)
[2022-04-30T20:36:40.924+0100][gc,heap       ] GC(11) Old regions: 18->18
[2022-04-30T20:36:40.924+0100][gc,heap       ] GC(11) Humongous regions: 129->129
[2022-04-30T20:36:40.924+0100][gc,metaspace  ] GC(11) Metaspace: 44924K->44924K(1089536K)
[2022-04-30T20:36:40.925+0100][gc            ] GC(11) Pause Young (Normal) (G1 Evacuation Pause) 195M->148M(1024M) 6.057ms
[2022-04-30T20:36:40.925+0100][gc,cpu        ] GC(11) User=0.02s Sys=0.01s Real=0.01s
[2022-04-30T20:48:40.283+0100][gc,start      ] GC(12) Pause Young (Normal) (G1 Evacuation Pause)
[2022-04-30T20:48:40.284+0100][gc,task       ] GC(12) Using 13 workers of 13 for evacuation
[2022-04-30T20:48:40.287+0100][gc,phases     ] GC(12)   Pre Evacuate Collection Set: 0.1ms
[2022-04-30T20:48:40.287+0100][gc,phases     ] GC(12)   Evacuate Collection Set: 1.7ms
[2022-04-30T20:48:40.287+0100][gc,phases     ] GC(12)   Post Evacuate Collection Set: 0.9ms
[2022-04-30T20:48:40.288+0100][gc,phases     ] GC(12)   Other: 0.7ms
[2022-04-30T20:48:40.288+0100][gc,heap       ] GC(12) Eden regions: 47->0(48)
[2022-04-30T20:48:40.288+0100][gc,heap       ] GC(12) Survivor regions: 4->3(7)
[2022-04-30T20:48:40.288+0100][gc,heap       ] GC(12) Old regions: 18->18
[2022-04-30T20:48:40.289+0100][gc,heap       ] GC(12) Humongous regions: 129->129
[2022-04-30T20:48:40.289+0100][gc,metaspace  ] GC(12) Metaspace: 44955K->44955K(1089536K)
[2022-04-30T20:48:40.289+0100][gc            ] GC(12) Pause Young (Normal) (G1 Evacuation Pause) 195M->147M(1024M) 5.615ms
[2022-04-30T20:48:40.289+0100][gc,cpu        ] GC(12) User=0.02s Sys=0.01s Real=0.01s
[2022-04-30T21:07:10.801+0100][gc,start      ] GC(13) Pause Young (Normal) (G1 Evacuation Pause)
[2022-04-30T21:07:10.801+0100][gc,task       ] GC(13) Using 13 workers of 13 for evacuation
[2022-04-30T21:07:10.804+0100][gc,phases     ] GC(13)   Pre Evacuate Collection Set: 0.1ms
[2022-04-30T21:07:10.805+0100][gc,phases     ] GC(13)   Evacuate Collection Set: 1.8ms
[2022-04-30T21:07:10.805+0100][gc,phases     ] GC(13)   Post Evacuate Collection Set: 0.9ms
[2022-04-30T21:07:10.805+0100][gc,phases     ] GC(13)   Other: 0.7ms
[2022-04-30T21:07:10.805+0100][gc,heap       ] GC(13) Eden regions: 48->0(48)
[2022-04-30T21:07:10.805+0100][gc,heap       ] GC(13) Survivor regions: 3->3(7)
[2022-04-30T21:07:10.806+0100][gc,heap       ] GC(13) Old regions: 18->18
[2022-04-30T21:07:10.806+0100][gc,heap       ] GC(13) Humongous regions: 129->129
[2022-04-30T21:07:10.806+0100][gc,metaspace  ] GC(13) Metaspace: 44967K->44967K(1089536K)
[2022-04-30T21:07:10.806+0100][gc            ] GC(13) Pause Young (Normal) (G1 Evacuation Pause) 195M->147M(1024M) 5.528ms
[2022-04-30T21:07:10.806+0100][gc,cpu        ] GC(13) User=0.02s Sys=0.01s Real=0.00s
[2022-04-30T21:39:56.184+0100][gc,start      ] GC(14) Pause Young (Normal) (G1 Evacuation Pause)
[2022-04-30T21:39:56.184+0100][gc,task       ] GC(14) Using 13 workers of 13 for evacuation
[2022-04-30T21:39:56.189+0100][gc,phases     ] GC(14)   Pre Evacuate Collection Set: 0.2ms
[2022-04-30T21:39:56.189+0100][gc,phases     ] GC(14)   Evacuate Collection Set: 2.3ms
[2022-04-30T21:39:56.189+0100][gc,phases     ] GC(14)   Post Evacuate Collection Set: 1.3ms
[2022-04-30T21:39:56.189+0100][gc,phases     ] GC(14)   Other: 1.1ms
[2022-04-30T21:39:56.190+0100][gc,heap       ] GC(14) Eden regions: 48->0(47)
[2022-04-30T21:39:56.190+0100][gc,heap       ] GC(14) Survivor regions: 3->4(7)
[2022-04-30T21:39:56.190+0100][gc,heap       ] GC(14) Old regions: 18->18
[2022-04-30T21:39:56.190+0100][gc,heap       ] GC(14) Humongous regions: 129->129
[2022-04-30T21:39:56.191+0100][gc,metaspace  ] GC(14) Metaspace: 45058K->45058K(1089536K)
[2022-04-30T21:39:56.191+0100][gc            ] GC(14) Pause Young (Normal) (G1 Evacuation Pause) 195M->147M(1024M) 6.867ms
[2022-04-30T21:39:56.191+0100][gc,cpu        ] GC(14) User=0.02s Sys=0.01s Real=0.01s
[2022-04-30T21:53:57.991+0100][gc,heap,exit  ] Heap
[2022-04-30T21:53:57.992+0100][gc,heap,exit  ]  garbage-first heap   total 1048576K, used 179175K [0x00000000c0000000, 0x0000000100000000)
[2022-04-30T21:53:57.992+0100][gc,heap,exit  ]   region size 1024K, 33 young (33792K), 4 survivors (4096K)
[2022-04-30T21:53:57.992+0100][gc,heap,exit  ]  Metaspace       used 45850K, capacity 48866K, committed 49152K, reserved 1091584K
[2022-04-30T21:53:57.992+0100][gc,heap,exit  ]   class space    used 6359K, capacity 7827K, committed 7936K, reserved 1048576K
