[2022-04-30T21:54:26.564+0100][gc,heap] Heap region size: 1M
[2022-04-30T21:54:26.573+0100][gc     ] Using G1
[2022-04-30T21:54:26.574+0100][gc,heap,coops] Heap address: 0x00000000c0000000, size: 1024 MB, Compressed Oops mode: 32-bit
[2022-04-30T21:54:26.575+0100][gc,cds       ] Mark closed archive regions in map: [0x00000000fff00000, 0x00000000fff6aff8]
[2022-04-30T21:54:26.576+0100][gc,cds       ] Mark open archive regions in map: [0x00000000ffe00000, 0x00000000ffe46ff8]
[2022-04-30T21:54:28.544+0100][gc,start     ] GC(0) Pause Young (Normal) (G1 Evacuation Pause)
[2022-04-30T21:54:28.547+0100][gc,task      ] GC(0) Using 13 workers of 13 for evacuation
[2022-04-30T21:54:28.559+0100][gc,phases    ] GC(0)   Pre Evacuate Collection Set: 0.0ms
[2022-04-30T21:54:28.559+0100][gc,phases    ] GC(0)   Evacuate Collection Set: 11.2ms
[2022-04-30T21:54:28.560+0100][gc,phases    ] GC(0)   Post Evacuate Collection Set: 0.7ms
[2022-04-30T21:54:28.560+0100][gc,phases    ] GC(0)   Other: 3.7ms
[2022-04-30T21:54:28.560+0100][gc,heap      ] GC(0) Eden regions: 51->0(44)
[2022-04-30T21:54:28.560+0100][gc,heap      ] GC(0) Survivor regions: 0->7(7)
[2022-04-30T21:54:28.560+0100][gc,heap      ] GC(0) Old regions: 2->2
[2022-04-30T21:54:28.561+0100][gc,heap      ] GC(0) Humongous regions: 0->0
[2022-04-30T21:54:28.561+0100][gc,metaspace ] GC(0) Metaspace: 15488K->15488K(1062912K)
[2022-04-30T21:54:28.561+0100][gc           ] GC(0) Pause Young (Normal) (G1 Evacuation Pause) 51M->7M(1024M) 17.435ms
[2022-04-30T21:54:28.561+0100][gc,cpu       ] GC(0) User=0.00s Sys=0.15s Real=0.02s
[2022-04-30T21:54:29.171+0100][gc,start     ] GC(1) Pause Young (Concurrent Start) (Metadata GC Threshold)
[2022-04-30T21:54:29.171+0100][gc,task      ] GC(1) Using 13 workers of 13 for evacuation
[2022-04-30T21:54:29.183+0100][gc,phases    ] GC(1)   Pre Evacuate Collection Set: 0.1ms
[2022-04-30T21:54:29.184+0100][gc,phases    ] GC(1)   Evacuate Collection Set: 10.0ms
[2022-04-30T21:54:29.184+0100][gc,phases    ] GC(1)   Post Evacuate Collection Set: 0.8ms
[2022-04-30T21:54:29.184+0100][gc,phases    ] GC(1)   Other: 1.4ms
[2022-04-30T21:54:29.184+0100][gc,heap      ] GC(1) Eden regions: 20->0(50)
[2022-04-30T21:54:29.184+0100][gc,heap      ] GC(1) Survivor regions: 7->1(7)
[2022-04-30T21:54:29.185+0100][gc,heap      ] GC(1) Old regions: 2->9
[2022-04-30T21:54:29.185+0100][gc,heap      ] GC(1) Humongous regions: 0->0
[2022-04-30T21:54:29.185+0100][gc,metaspace ] GC(1) Metaspace: 20579K->20579K(1067008K)
[2022-04-30T21:54:29.185+0100][gc           ] GC(1) Pause Young (Concurrent Start) (Metadata GC Threshold) 27M->8M(1024M) 14.163ms
[2022-04-30T21:54:29.185+0100][gc,cpu       ] GC(1) User=0.10s Sys=0.00s Real=0.01s
[2022-04-30T21:54:29.186+0100][gc           ] GC(2) Concurrent Cycle
[2022-04-30T21:54:29.186+0100][gc,marking   ] GC(2) Concurrent Clear Claimed Marks
[2022-04-30T21:54:29.186+0100][gc,marking   ] GC(2) Concurrent Clear Claimed Marks 0.305ms
[2022-04-30T21:54:29.187+0100][gc,marking   ] GC(2) Concurrent Scan Root Regions
[2022-04-30T21:54:29.187+0100][gc,marking   ] GC(2) Concurrent Scan Root Regions 0.796ms
[2022-04-30T21:54:29.188+0100][gc,marking   ] GC(2) Concurrent Mark (2.661s)
[2022-04-30T21:54:29.188+0100][gc,marking   ] GC(2) Concurrent Mark From Roots
[2022-04-30T21:54:29.188+0100][gc,task      ] GC(2) Using 3 workers of 3 for marking
[2022-04-30T21:54:29.191+0100][gc,marking   ] GC(2) Concurrent Mark From Roots 3.385ms
[2022-04-30T21:54:29.192+0100][gc,marking   ] GC(2) Concurrent Preclean
[2022-04-30T21:54:29.192+0100][gc,marking   ] GC(2) Concurrent Preclean 0.421ms
[2022-04-30T21:54:29.192+0100][gc,marking   ] GC(2) Concurrent Mark (2.661s, 2.666s) 4.627ms
[2022-04-30T21:54:29.193+0100][gc,start     ] GC(2) Pause Remark
[2022-04-30T21:54:29.194+0100][gc,stringtable] GC(2) Cleaned string and symbol table, strings: 5057 processed, 0 removed, symbols: 50623 processed, 58 removed
[2022-04-30T21:54:29.195+0100][gc            ] GC(2) Pause Remark 8M->8M(1024M) 2.318ms
[2022-04-30T21:54:29.195+0100][gc,cpu        ] GC(2) User=0.01s Sys=0.00s Real=0.00s
[2022-04-30T21:54:29.196+0100][gc,marking    ] GC(2) Concurrent Rebuild Remembered Sets
[2022-04-30T21:54:29.198+0100][gc,marking    ] GC(2) Concurrent Rebuild Remembered Sets 1.962ms
[2022-04-30T21:54:29.198+0100][gc,start      ] GC(2) Pause Cleanup
[2022-04-30T21:54:29.199+0100][gc            ] GC(2) Pause Cleanup 8M->8M(1024M) 0.788ms
[2022-04-30T21:54:29.199+0100][gc,cpu        ] GC(2) User=0.00s Sys=0.00s Real=0.01s
[2022-04-30T21:54:29.200+0100][gc,marking    ] GC(2) Concurrent Cleanup for Next Mark
[2022-04-30T21:54:29.202+0100][gc,marking    ] GC(2) Concurrent Cleanup for Next Mark 2.880ms
[2022-04-30T21:54:29.203+0100][gc            ] GC(2) Concurrent Cycle 17.071ms
[2022-04-30T21:54:34.957+0100][gc,start      ] GC(3) Pause Young (Normal) (G1 Evacuation Pause)
[2022-04-30T21:54:34.957+0100][gc,task       ] GC(3) Using 13 workers of 13 for evacuation
[2022-04-30T21:54:34.959+0100][gc,phases     ] GC(3)   Pre Evacuate Collection Set: 0.0ms
[2022-04-30T21:54:34.960+0100][gc,phases     ] GC(3)   Evacuate Collection Set: 1.5ms
[2022-04-30T21:54:34.960+0100][gc,phases     ] GC(3)   Post Evacuate Collection Set: 0.6ms
[2022-04-30T21:54:34.960+0100][gc,phases     ] GC(3)   Other: 0.6ms
[2022-04-30T21:54:34.960+0100][gc,heap       ] GC(3) Eden regions: 50->0(47)
[2022-04-30T21:54:34.960+0100][gc,heap       ] GC(3) Survivor regions: 1->4(7)
[2022-04-30T21:54:34.960+0100][gc,heap       ] GC(3) Old regions: 9->9
[2022-04-30T21:54:34.961+0100][gc,heap       ] GC(3) Humongous regions: 129->129
[2022-04-30T21:54:34.961+0100][gc,metaspace  ] GC(3) Metaspace: 29130K->29130K(1075200K)
[2022-04-30T21:54:34.961+0100][gc            ] GC(3) Pause Young (Normal) (G1 Evacuation Pause) 187M->139M(1024M) 4.419ms
[2022-04-30T21:54:34.961+0100][gc,cpu        ] GC(3) User=0.00s Sys=0.02s Real=0.01s
[2022-04-30T21:54:35.580+0100][gc,start      ] GC(4) Pause Young (Concurrent Start) (Metadata GC Threshold)
[2022-04-30T21:54:35.581+0100][gc,task       ] GC(4) Using 13 workers of 13 for evacuation
[2022-04-30T21:54:35.584+0100][gc,phases     ] GC(4)   Pre Evacuate Collection Set: 0.1ms
[2022-04-30T21:54:35.584+0100][gc,phases     ] GC(4)   Evacuate Collection Set: 2.4ms
[2022-04-30T21:54:35.585+0100][gc,phases     ] GC(4)   Post Evacuate Collection Set: 0.6ms
[2022-04-30T21:54:35.585+0100][gc,phases     ] GC(4)   Other: 0.6ms
[2022-04-30T21:54:35.585+0100][gc,heap       ] GC(4) Eden regions: 34->0(44)
[2022-04-30T21:54:35.585+0100][gc,heap       ] GC(4) Survivor regions: 4->7(7)
[2022-04-30T21:54:35.585+0100][gc,heap       ] GC(4) Old regions: 9->9
[2022-04-30T21:54:35.585+0100][gc,heap       ] GC(4) Humongous regions: 129->129
[2022-04-30T21:54:35.586+0100][gc,metaspace  ] GC(4) Metaspace: 34384K->34384K(1081344K)
[2022-04-30T21:54:35.586+0100][gc            ] GC(4) Pause Young (Concurrent Start) (Metadata GC Threshold) 173M->142M(1024M) 5.353ms
[2022-04-30T21:54:35.586+0100][gc,cpu        ] GC(4) User=0.02s Sys=0.00s Real=0.00s
[2022-04-30T21:54:35.586+0100][gc            ] GC(5) Concurrent Cycle
[2022-04-30T21:54:35.586+0100][gc,marking    ] GC(5) Concurrent Clear Claimed Marks
[2022-04-30T21:54:35.587+0100][gc,marking    ] GC(5) Concurrent Clear Claimed Marks 0.293ms
[2022-04-30T21:54:35.587+0100][gc,marking    ] GC(5) Concurrent Scan Root Regions
[2022-04-30T21:54:35.589+0100][gc,marking    ] GC(5) Concurrent Scan Root Regions 1.822ms
[2022-04-30T21:54:35.589+0100][gc,marking    ] GC(5) Concurrent Mark (9.062s)
[2022-04-30T21:54:35.589+0100][gc,marking    ] GC(5) Concurrent Mark From Roots
[2022-04-30T21:54:35.589+0100][gc,task       ] GC(5) Using 3 workers of 3 for marking
[2022-04-30T21:54:35.592+0100][gc,marking    ] GC(5) Concurrent Mark From Roots 3.206ms
[2022-04-30T21:54:35.593+0100][gc,marking    ] GC(5) Concurrent Preclean
[2022-04-30T21:54:35.593+0100][gc,marking    ] GC(5) Concurrent Preclean 0.252ms
[2022-04-30T21:54:35.593+0100][gc,marking    ] GC(5) Concurrent Mark (9.062s, 9.067s) 4.241ms
[2022-04-30T21:54:35.593+0100][gc,start      ] GC(5) Pause Remark
[2022-04-30T21:54:35.595+0100][gc,stringtable] GC(5) Cleaned string and symbol table, strings: 10570 processed, 12 removed, symbols: 79377 processed, 15 removed
[2022-04-30T21:54:35.596+0100][gc            ] GC(5) Pause Remark 143M->143M(1024M) 2.586ms
[2022-04-30T21:54:35.596+0100][gc,cpu        ] GC(5) User=0.01s Sys=0.01s Real=0.00s
[2022-04-30T21:54:35.596+0100][gc,marking    ] GC(5) Concurrent Rebuild Remembered Sets
[2022-04-30T21:54:35.599+0100][gc,marking    ] GC(5) Concurrent Rebuild Remembered Sets 2.031ms
[2022-04-30T21:54:35.600+0100][gc,start      ] GC(5) Pause Cleanup
[2022-04-30T21:54:35.600+0100][gc            ] GC(5) Pause Cleanup 143M->143M(1024M) 0.641ms
[2022-04-30T21:54:35.601+0100][gc,cpu        ] GC(5) User=0.00s Sys=0.00s Real=0.00s
[2022-04-30T21:54:35.601+0100][gc,marking    ] GC(5) Concurrent Cleanup for Next Mark
[2022-04-30T21:54:35.605+0100][gc,marking    ] GC(5) Concurrent Cleanup for Next Mark 4.260ms
[2022-04-30T21:54:35.606+0100][gc            ] GC(5) Concurrent Cycle 19.459ms
[2022-04-30T21:55:35.599+0100][gc,start      ] GC(6) Pause Young (Normal) (G1 Evacuation Pause)
[2022-04-30T21:55:35.599+0100][gc,task       ] GC(6) Using 13 workers of 13 for evacuation
[2022-04-30T21:55:35.605+0100][gc,phases     ] GC(6)   Pre Evacuate Collection Set: 0.0ms
[2022-04-30T21:55:35.605+0100][gc,phases     ] GC(6)   Evacuate Collection Set: 4.9ms
[2022-04-30T21:55:35.606+0100][gc,phases     ] GC(6)   Post Evacuate Collection Set: 1.0ms
[2022-04-30T21:55:35.606+0100][gc,phases     ] GC(6)   Other: 0.6ms
[2022-04-30T21:55:35.606+0100][gc,heap       ] GC(6) Eden regions: 44->0(46)
[2022-04-30T21:55:35.606+0100][gc,heap       ] GC(6) Survivor regions: 7->5(7)
[2022-04-30T21:55:35.607+0100][gc,heap       ] GC(6) Old regions: 9->11
[2022-04-30T21:55:35.607+0100][gc,heap       ] GC(6) Humongous regions: 171->0
[2022-04-30T21:55:35.607+0100][gc,metaspace  ] GC(6) Metaspace: 41704K->41704K(1087488K)
[2022-04-30T21:55:35.607+0100][gc            ] GC(6) Pause Young (Normal) (G1 Evacuation Pause) 228M->14M(1024M) 8.777ms
[2022-04-30T21:55:35.608+0100][gc,cpu        ] GC(6) User=0.06s Sys=0.01s Real=0.01s
[2022-04-30T21:55:37.337+0100][gc,heap,exit  ] Heap
[2022-04-30T21:55:37.338+0100][gc,heap,exit  ]  garbage-first heap   total 1048576K, used 18729K [0x00000000c0000000, 0x0000000100000000)
[2022-04-30T21:55:37.338+0100][gc,heap,exit  ]   region size 1024K, 10 young (10240K), 5 survivors (5120K)
[2022-04-30T21:55:37.338+0100][gc,heap,exit  ]  Metaspace       used 41804K, capacity 44061K, committed 44288K, reserved 1087488K
[2022-04-30T21:55:37.339+0100][gc,heap,exit  ]   class space    used 5740K, capacity 6879K, committed 6912K, reserved 1048576K
