[2022-04-30T22:15:36.885+0100][gc,heap] Heap region size: 1M
[2022-04-30T22:15:36.891+0100][gc     ] Using G1
[2022-04-30T22:15:36.891+0100][gc,heap,coops] Heap address: 0x00000000c0000000, size: 1024 MB, Compressed Oops mode: 32-bit
[2022-04-30T22:15:36.892+0100][gc,cds       ] Mark closed archive regions in map: [0x00000000fff00000, 0x00000000fff6aff8]
[2022-04-30T22:15:36.892+0100][gc,cds       ] Mark open archive regions in map: [0x00000000ffe00000, 0x00000000ffe46ff8]
[2022-04-30T22:15:38.618+0100][gc,start     ] GC(0) Pause Young (Normal) (G1 Evacuation Pause)
[2022-04-30T22:15:38.620+0100][gc,task      ] GC(0) Using 13 workers of 13 for evacuation
[2022-04-30T22:15:38.636+0100][gc,phases    ] GC(0)   Pre Evacuate Collection Set: 0.0ms
[2022-04-30T22:15:38.637+0100][gc,phases    ] GC(0)   Evacuate Collection Set: 14.8ms
[2022-04-30T22:15:38.637+0100][gc,phases    ] GC(0)   Post Evacuate Collection Set: 0.7ms
[2022-04-30T22:15:38.637+0100][gc,phases    ] GC(0)   Other: 2.7ms
[2022-04-30T22:15:38.637+0100][gc,heap      ] GC(0) Eden regions: 51->0(44)
[2022-04-30T22:15:38.637+0100][gc,heap      ] GC(0) Survivor regions: 0->7(7)
[2022-04-30T22:15:38.638+0100][gc,heap      ] GC(0) Old regions: 2->2
[2022-04-30T22:15:38.638+0100][gc,heap      ] GC(0) Humongous regions: 0->0
[2022-04-30T22:15:38.638+0100][gc,metaspace ] GC(0) Metaspace: 15212K->15212K(1062912K)
[2022-04-30T22:15:38.638+0100][gc           ] GC(0) Pause Young (Normal) (G1 Evacuation Pause) 51M->7M(1024M) 20.208ms
[2022-04-30T22:15:38.639+0100][gc,cpu       ] GC(0) User=0.02s Sys=0.17s Real=0.02s
[2022-04-30T22:15:39.186+0100][gc,start     ] GC(1) Pause Young (Concurrent Start) (Metadata GC Threshold)
[2022-04-30T22:15:39.187+0100][gc,task      ] GC(1) Using 13 workers of 13 for evacuation
[2022-04-30T22:15:39.197+0100][gc,phases    ] GC(1)   Pre Evacuate Collection Set: 0.1ms
[2022-04-30T22:15:39.197+0100][gc,phases    ] GC(1)   Evacuate Collection Set: 9.3ms
[2022-04-30T22:15:39.198+0100][gc,phases    ] GC(1)   Post Evacuate Collection Set: 0.7ms
[2022-04-30T22:15:39.198+0100][gc,phases    ] GC(1)   Other: 0.6ms
[2022-04-30T22:15:39.198+0100][gc,heap      ] GC(1) Eden regions: 21->0(49)
[2022-04-30T22:15:39.198+0100][gc,heap      ] GC(1) Survivor regions: 7->2(7)
[2022-04-30T22:15:39.198+0100][gc,heap      ] GC(1) Old regions: 2->9
[2022-04-30T22:15:39.199+0100][gc,heap      ] GC(1) Humongous regions: 0->0
[2022-04-30T22:15:39.199+0100][gc,metaspace ] GC(1) Metaspace: 20588K->20588K(1067008K)
[2022-04-30T22:15:39.199+0100][gc           ] GC(1) Pause Young (Concurrent Start) (Metadata GC Threshold) 28M->8M(1024M) 12.543ms
[2022-04-30T22:15:39.199+0100][gc,cpu       ] GC(1) User=0.00s Sys=0.09s Real=0.02s
[2022-04-30T22:15:39.199+0100][gc           ] GC(2) Concurrent Cycle
[2022-04-30T22:15:39.200+0100][gc,marking   ] GC(2) Concurrent Clear Claimed Marks
[2022-04-30T22:15:39.200+0100][gc,marking   ] GC(2) Concurrent Clear Claimed Marks 0.258ms
[2022-04-30T22:15:39.200+0100][gc,marking   ] GC(2) Concurrent Scan Root Regions
[2022-04-30T22:15:39.201+0100][gc,marking   ] GC(2) Concurrent Scan Root Regions 0.953ms
[2022-04-30T22:15:39.201+0100][gc,marking   ] GC(2) Concurrent Mark (2.377s)
[2022-04-30T22:15:39.201+0100][gc,marking   ] GC(2) Concurrent Mark From Roots
[2022-04-30T22:15:39.202+0100][gc,task      ] GC(2) Using 3 workers of 3 for marking
[2022-04-30T22:15:39.205+0100][gc,marking   ] GC(2) Concurrent Mark From Roots 3.213ms
[2022-04-30T22:15:39.205+0100][gc,marking   ] GC(2) Concurrent Preclean
[2022-04-30T22:15:39.205+0100][gc,marking   ] GC(2) Concurrent Preclean 0.356ms
[2022-04-30T22:15:39.206+0100][gc,marking   ] GC(2) Concurrent Mark (2.377s, 2.381s) 4.334ms
[2022-04-30T22:15:39.206+0100][gc,start     ] GC(2) Pause Remark
[2022-04-30T22:15:39.208+0100][gc,stringtable] GC(2) Cleaned string and symbol table, strings: 5057 processed, 0 removed, symbols: 50623 processed, 58 removed
[2022-04-30T22:15:39.208+0100][gc            ] GC(2) Pause Remark 8M->8M(1024M) 2.269ms
[2022-04-30T22:15:39.209+0100][gc,cpu        ] GC(2) User=0.00s Sys=0.01s Real=0.00s
[2022-04-30T22:15:39.209+0100][gc,marking    ] GC(2) Concurrent Rebuild Remembered Sets
[2022-04-30T22:15:39.211+0100][gc,marking    ] GC(2) Concurrent Rebuild Remembered Sets 1.784ms
[2022-04-30T22:15:39.211+0100][gc,start      ] GC(2) Pause Cleanup
[2022-04-30T22:15:39.212+0100][gc            ] GC(2) Pause Cleanup 8M->8M(1024M) 0.478ms
[2022-04-30T22:15:39.212+0100][gc,cpu        ] GC(2) User=0.00s Sys=0.00s Real=0.00s
[2022-04-30T22:15:39.212+0100][gc,marking    ] GC(2) Concurrent Cleanup for Next Mark
[2022-04-30T22:15:39.214+0100][gc,marking    ] GC(2) Concurrent Cleanup for Next Mark 1.910ms
[2022-04-30T22:15:39.214+0100][gc            ] GC(2) Concurrent Cycle 15.072ms
[2022-04-30T22:15:46.706+0100][gc,start      ] GC(3) Pause Young (Normal) (G1 Evacuation Pause)
[2022-04-30T22:15:46.706+0100][gc,task       ] GC(3) Using 13 workers of 13 for evacuation
[2022-04-30T22:15:46.708+0100][gc,phases     ] GC(3)   Pre Evacuate Collection Set: 0.0ms
[2022-04-30T22:15:46.708+0100][gc,phases     ] GC(3)   Evacuate Collection Set: 1.4ms
[2022-04-30T22:15:46.709+0100][gc,phases     ] GC(3)   Post Evacuate Collection Set: 0.6ms
[2022-04-30T22:15:46.709+0100][gc,phases     ] GC(3)   Other: 0.6ms
[2022-04-30T22:15:46.709+0100][gc,heap       ] GC(3) Eden regions: 49->0(47)
[2022-04-30T22:15:46.709+0100][gc,heap       ] GC(3) Survivor regions: 2->4(7)
[2022-04-30T22:15:46.709+0100][gc,heap       ] GC(3) Old regions: 9->9
[2022-04-30T22:15:46.710+0100][gc,heap       ] GC(3) Humongous regions: 129->129
[2022-04-30T22:15:46.710+0100][gc,metaspace  ] GC(3) Metaspace: 28308K->28308K(1075200K)
[2022-04-30T22:15:46.710+0100][gc            ] GC(3) Pause Young (Normal) (G1 Evacuation Pause) 186M->139M(1024M) 4.464ms
[2022-04-30T22:15:46.710+0100][gc,cpu        ] GC(3) User=0.01s Sys=0.01s Real=0.01s
[2022-04-30T22:15:47.377+0100][gc,start      ] GC(4) Pause Young (Concurrent Start) (Metadata GC Threshold)
[2022-04-30T22:15:47.378+0100][gc,task       ] GC(4) Using 13 workers of 13 for evacuation
[2022-04-30T22:15:47.382+0100][gc,phases     ] GC(4)   Pre Evacuate Collection Set: 0.1ms
[2022-04-30T22:15:47.383+0100][gc,phases     ] GC(4)   Evacuate Collection Set: 3.0ms
[2022-04-30T22:15:47.383+0100][gc,phases     ] GC(4)   Post Evacuate Collection Set: 1.0ms
[2022-04-30T22:15:47.383+0100][gc,phases     ] GC(4)   Other: 0.8ms
[2022-04-30T22:15:47.383+0100][gc,heap       ] GC(4) Eden regions: 39->0(44)
[2022-04-30T22:15:47.384+0100][gc,heap       ] GC(4) Survivor regions: 4->7(7)
[2022-04-30T22:15:47.384+0100][gc,heap       ] GC(4) Old regions: 9->9
[2022-04-30T22:15:47.384+0100][gc,heap       ] GC(4) Humongous regions: 129->129
[2022-04-30T22:15:47.384+0100][gc,metaspace  ] GC(4) Metaspace: 34463K->34463K(1081344K)
[2022-04-30T22:15:47.384+0100][gc            ] GC(4) Pause Young (Concurrent Start) (Metadata GC Threshold) 177M->142M(1024M) 7.060ms
[2022-04-30T22:15:47.385+0100][gc,cpu        ] GC(4) User=0.03s Sys=0.02s Real=0.01s
[2022-04-30T22:15:47.385+0100][gc            ] GC(5) Concurrent Cycle
[2022-04-30T22:15:47.385+0100][gc,marking    ] GC(5) Concurrent Clear Claimed Marks
[2022-04-30T22:15:47.385+0100][gc,marking    ] GC(5) Concurrent Clear Claimed Marks 0.324ms
[2022-04-30T22:15:47.386+0100][gc,marking    ] GC(5) Concurrent Scan Root Regions
[2022-04-30T22:15:47.387+0100][gc,marking    ] GC(5) Concurrent Scan Root Regions 1.806ms
[2022-04-30T22:15:47.388+0100][gc,marking    ] GC(5) Concurrent Mark (10.563s)
[2022-04-30T22:15:47.388+0100][gc,marking    ] GC(5) Concurrent Mark From Roots
[2022-04-30T22:15:47.388+0100][gc,task       ] GC(5) Using 3 workers of 3 for marking
[2022-04-30T22:15:47.392+0100][gc,marking    ] GC(5) Concurrent Mark From Roots 3.965ms
[2022-04-30T22:15:47.392+0100][gc,marking    ] GC(5) Concurrent Preclean
[2022-04-30T22:15:47.393+0100][gc,marking    ] GC(5) Concurrent Preclean 0.346ms
[2022-04-30T22:15:47.393+0100][gc,marking    ] GC(5) Concurrent Mark (10.563s, 10.569s) 5.187ms
[2022-04-30T22:15:47.393+0100][gc,start      ] GC(5) Pause Remark
[2022-04-30T22:15:47.396+0100][gc,stringtable] GC(5) Cleaned string and symbol table, strings: 10627 processed, 12 removed, symbols: 79320 processed, 15 removed
[2022-04-30T22:15:47.397+0100][gc            ] GC(5) Pause Remark 143M->143M(1024M) 3.210ms
[2022-04-30T22:15:47.397+0100][gc,cpu        ] GC(5) User=0.02s Sys=0.00s Real=0.00s
[2022-04-30T22:15:47.397+0100][gc,marking    ] GC(5) Concurrent Rebuild Remembered Sets
[2022-04-30T22:15:47.400+0100][gc,marking    ] GC(5) Concurrent Rebuild Remembered Sets 2.794ms
[2022-04-30T22:15:47.401+0100][gc,start      ] GC(5) Pause Cleanup
[2022-04-30T22:15:47.401+0100][gc            ] GC(5) Pause Cleanup 143M->143M(1024M) 0.566ms
[2022-04-30T22:15:47.402+0100][gc,cpu        ] GC(5) User=0.00s Sys=0.00s Real=0.00s
[2022-04-30T22:15:47.402+0100][gc,marking    ] GC(5) Concurrent Cleanup for Next Mark
[2022-04-30T22:15:47.406+0100][gc,marking    ] GC(5) Concurrent Cleanup for Next Mark 4.379ms
[2022-04-30T22:15:47.407+0100][gc            ] GC(5) Concurrent Cycle 22.404ms
[2022-04-30T22:15:48.612+0100][gc,heap,exit  ] Heap
[2022-04-30T22:15:48.612+0100][gc,heap,exit  ]  garbage-first heap   total 1048576K, used 219466K [0x00000000c0000000, 0x0000000100000000)
[2022-04-30T22:15:48.612+0100][gc,heap,exit  ]   region size 1024K, 51 young (52224K), 7 survivors (7168K)
[2022-04-30T22:15:48.613+0100][gc,heap,exit  ]  Metaspace       used 41188K, capacity 43306K, committed 43392K, reserved 1085440K
[2022-04-30T22:15:48.613+0100][gc,heap,exit  ]   class space    used 5608K, capacity 6700K, committed 6784K, reserved 1048576K
