[2022-04-30T22:17:42.736+0100][gc,heap] Heap region size: 1M
[2022-04-30T22:17:42.741+0100][gc     ] Using G1
[2022-04-30T22:17:42.742+0100][gc,heap,coops] Heap address: 0x00000000c0000000, size: 1024 MB, Compressed Oops mode: 32-bit
[2022-04-30T22:17:42.742+0100][gc,cds       ] Mark closed archive regions in map: [0x00000000fff00000, 0x00000000fff6aff8]
[2022-04-30T22:17:42.742+0100][gc,cds       ] Mark open archive regions in map: [0x00000000ffe00000, 0x00000000ffe46ff8]
[2022-04-30T22:17:44.549+0100][gc,start     ] GC(0) Pause Young (Normal) (G1 Evacuation Pause)
[2022-04-30T22:17:44.551+0100][gc,task      ] GC(0) Using 13 workers of 13 for evacuation
[2022-04-30T22:17:44.565+0100][gc,phases    ] GC(0)   Pre Evacuate Collection Set: 0.0ms
[2022-04-30T22:17:44.566+0100][gc,phases    ] GC(0)   Evacuate Collection Set: 13.4ms
[2022-04-30T22:17:44.566+0100][gc,phases    ] GC(0)   Post Evacuate Collection Set: 0.7ms
[2022-04-30T22:17:44.566+0100][gc,phases    ] GC(0)   Other: 2.2ms
[2022-04-30T22:17:44.566+0100][gc,heap      ] GC(0) Eden regions: 51->0(44)
[2022-04-30T22:17:44.566+0100][gc,heap      ] GC(0) Survivor regions: 0->7(7)
[2022-04-30T22:17:44.567+0100][gc,heap      ] GC(0) Old regions: 2->2
[2022-04-30T22:17:44.567+0100][gc,heap      ] GC(0) Humongous regions: 0->0
[2022-04-30T22:17:44.567+0100][gc,metaspace ] GC(0) Metaspace: 15491K->15491K(1062912K)
[2022-04-30T22:17:44.567+0100][gc           ] GC(0) Pause Young (Normal) (G1 Evacuation Pause) 51M->7M(1024M) 18.128ms
[2022-04-30T22:17:44.567+0100][gc,cpu       ] GC(0) User=0.06s Sys=0.11s Real=0.01s
[2022-04-30T22:17:45.181+0100][gc,start     ] GC(1) Pause Young (Concurrent Start) (Metadata GC Threshold)
[2022-04-30T22:17:45.182+0100][gc,task      ] GC(1) Using 13 workers of 13 for evacuation
[2022-04-30T22:17:45.194+0100][gc,phases    ] GC(1)   Pre Evacuate Collection Set: 0.1ms
[2022-04-30T22:17:45.194+0100][gc,phases    ] GC(1)   Evacuate Collection Set: 11.3ms
[2022-04-30T22:17:45.194+0100][gc,phases    ] GC(1)   Post Evacuate Collection Set: 0.6ms
[2022-04-30T22:17:45.195+0100][gc,phases    ] GC(1)   Other: 0.8ms
[2022-04-30T22:17:45.195+0100][gc,heap      ] GC(1) Eden regions: 22->0(49)
[2022-04-30T22:17:45.195+0100][gc,heap      ] GC(1) Survivor regions: 7->2(7)
[2022-04-30T22:17:45.195+0100][gc,heap      ] GC(1) Old regions: 2->9
[2022-04-30T22:17:45.195+0100][gc,heap      ] GC(1) Humongous regions: 0->0
[2022-04-30T22:17:45.196+0100][gc,metaspace ] GC(1) Metaspace: 20663K->20663K(1067008K)
[2022-04-30T22:17:45.196+0100][gc           ] GC(1) Pause Young (Concurrent Start) (Metadata GC Threshold) 28M->8M(1024M) 14.536ms
[2022-04-30T22:17:45.196+0100][gc,cpu       ] GC(1) User=0.10s Sys=0.03s Real=0.01s
[2022-04-30T22:17:45.196+0100][gc           ] GC(2) Concurrent Cycle
[2022-04-30T22:17:45.196+0100][gc,marking   ] GC(2) Concurrent Clear Claimed Marks
[2022-04-30T22:17:45.197+0100][gc,marking   ] GC(2) Concurrent Clear Claimed Marks 0.408ms
[2022-04-30T22:17:45.197+0100][gc,marking   ] GC(2) Concurrent Scan Root Regions
[2022-04-30T22:17:45.198+0100][gc,marking   ] GC(2) Concurrent Scan Root Regions 0.938ms
[2022-04-30T22:17:45.198+0100][gc,marking   ] GC(2) Concurrent Mark (2.531s)
[2022-04-30T22:17:45.199+0100][gc,marking   ] GC(2) Concurrent Mark From Roots
[2022-04-30T22:17:45.199+0100][gc,task      ] GC(2) Using 3 workers of 3 for marking
[2022-04-30T22:17:45.202+0100][gc,marking   ] GC(2) Concurrent Mark From Roots 3.253ms
[2022-04-30T22:17:45.202+0100][gc,marking   ] GC(2) Concurrent Preclean
[2022-04-30T22:17:45.202+0100][gc,marking   ] GC(2) Concurrent Preclean 0.283ms
[2022-04-30T22:17:45.203+0100][gc,marking   ] GC(2) Concurrent Mark (2.531s, 2.535s) 4.345ms
[2022-04-30T22:17:45.203+0100][gc,start     ] GC(2) Pause Remark
[2022-04-30T22:17:45.205+0100][gc,stringtable] GC(2) Cleaned string and symbol table, strings: 5129 processed, 0 removed, symbols: 51013 processed, 59 removed
[2022-04-30T22:17:45.206+0100][gc            ] GC(2) Pause Remark 8M->8M(1024M) 2.309ms
[2022-04-30T22:17:45.206+0100][gc,cpu        ] GC(2) User=0.01s Sys=0.00s Real=0.00s
[2022-04-30T22:17:45.206+0100][gc,marking    ] GC(2) Concurrent Rebuild Remembered Sets
[2022-04-30T22:17:45.208+0100][gc,marking    ] GC(2) Concurrent Rebuild Remembered Sets 1.838ms
[2022-04-30T22:17:45.208+0100][gc,start      ] GC(2) Pause Cleanup
[2022-04-30T22:17:45.209+0100][gc            ] GC(2) Pause Cleanup 8M->8M(1024M) 0.425ms
[2022-04-30T22:17:45.209+0100][gc,cpu        ] GC(2) User=0.00s Sys=0.00s Real=0.01s
[2022-04-30T22:17:45.209+0100][gc,marking    ] GC(2) Concurrent Cleanup for Next Mark
[2022-04-30T22:17:45.211+0100][gc,marking    ] GC(2) Concurrent Cleanup for Next Mark 2.396ms
[2022-04-30T22:17:45.212+0100][gc            ] GC(2) Concurrent Cycle 15.681ms
[2022-04-30T22:17:46.104+0100][gc,start      ] GC(3) Pause Young (Normal) (G1 Evacuation Pause)
[2022-04-30T22:17:46.104+0100][gc,task       ] GC(3) Using 13 workers of 13 for evacuation
[2022-04-30T22:17:46.107+0100][gc,phases     ] GC(3)   Pre Evacuate Collection Set: 0.0ms
[2022-04-30T22:17:46.107+0100][gc,phases     ] GC(3)   Evacuate Collection Set: 1.7ms
[2022-04-30T22:17:46.107+0100][gc,phases     ] GC(3)   Post Evacuate Collection Set: 0.7ms
[2022-04-30T22:17:46.107+0100][gc,phases     ] GC(3)   Other: 0.4ms
[2022-04-30T22:17:46.108+0100][gc,heap       ] GC(3) Eden regions: 49->0(46)
[2022-04-30T22:17:46.108+0100][gc,heap       ] GC(3) Survivor regions: 2->5(7)
[2022-04-30T22:17:46.108+0100][gc,heap       ] GC(3) Old regions: 9->9
[2022-04-30T22:17:46.108+0100][gc,heap       ] GC(3) Humongous regions: 129->129
[2022-04-30T22:17:46.108+0100][gc,metaspace  ] GC(3) Metaspace: 29390K->29390K(1075200K)
[2022-04-30T22:17:46.108+0100][gc            ] GC(3) Pause Young (Normal) (G1 Evacuation Pause) 186M->140M(1024M) 4.347ms
[2022-04-30T22:17:46.109+0100][gc,cpu        ] GC(3) User=0.02s Sys=0.01s Real=0.00s
[2022-04-30T22:17:46.486+0100][gc,start      ] GC(4) Pause Young (Concurrent Start) (Metadata GC Threshold)
[2022-04-30T22:17:46.486+0100][gc,task       ] GC(4) Using 13 workers of 13 for evacuation
[2022-04-30T22:17:46.490+0100][gc,phases     ] GC(4)   Pre Evacuate Collection Set: 0.1ms
[2022-04-30T22:17:46.490+0100][gc,phases     ] GC(4)   Evacuate Collection Set: 3.1ms
[2022-04-30T22:17:46.490+0100][gc,phases     ] GC(4)   Post Evacuate Collection Set: 0.5ms
[2022-04-30T22:17:46.490+0100][gc,phases     ] GC(4)   Other: 0.5ms
[2022-04-30T22:17:46.491+0100][gc,heap       ] GC(4) Eden regions: 24->0(45)
[2022-04-30T22:17:46.491+0100][gc,heap       ] GC(4) Survivor regions: 5->6(7)
[2022-04-30T22:17:46.491+0100][gc,heap       ] GC(4) Old regions: 9->10
[2022-04-30T22:17:46.491+0100][gc,heap       ] GC(4) Humongous regions: 129->129
[2022-04-30T22:17:46.491+0100][gc,metaspace  ] GC(4) Metaspace: 34432K->34432K(1081344K)
[2022-04-30T22:17:46.491+0100][gc            ] GC(4) Pause Young (Concurrent Start) (Metadata GC Threshold) 164M->141M(1024M) 5.781ms
[2022-04-30T22:17:46.491+0100][gc,cpu        ] GC(4) User=0.03s Sys=0.00s Real=0.01s
[2022-04-30T22:17:46.492+0100][gc            ] GC(5) Concurrent Cycle
[2022-04-30T22:17:46.492+0100][gc,marking    ] GC(5) Concurrent Clear Claimed Marks
[2022-04-30T22:17:46.492+0100][gc,marking    ] GC(5) Concurrent Clear Claimed Marks 0.273ms
[2022-04-30T22:17:46.492+0100][gc,marking    ] GC(5) Concurrent Scan Root Regions
[2022-04-30T22:17:46.494+0100][gc,marking    ] GC(5) Concurrent Scan Root Regions 1.290ms
[2022-04-30T22:17:46.494+0100][gc,marking    ] GC(5) Concurrent Mark (3.826s)
[2022-04-30T22:17:46.494+0100][gc,marking    ] GC(5) Concurrent Mark From Roots
[2022-04-30T22:17:46.494+0100][gc,task       ] GC(5) Using 3 workers of 3 for marking
[2022-04-30T22:17:46.498+0100][gc,marking    ] GC(5) Concurrent Mark From Roots 3.930ms
[2022-04-30T22:17:46.498+0100][gc,marking    ] GC(5) Concurrent Preclean
[2022-04-30T22:17:46.499+0100][gc,marking    ] GC(5) Concurrent Preclean 0.465ms
[2022-04-30T22:17:46.499+0100][gc,marking    ] GC(5) Concurrent Mark (3.826s, 3.832s) 5.213ms
[2022-04-30T22:17:46.500+0100][gc,start      ] GC(5) Pause Remark
[2022-04-30T22:17:46.502+0100][gc,stringtable] GC(5) Cleaned string and symbol table, strings: 10389 processed, 12 removed, symbols: 83275 processed, 16 removed
[2022-04-30T22:17:46.503+0100][gc            ] GC(5) Pause Remark 142M->142M(1024M) 2.956ms
[2022-04-30T22:17:46.503+0100][gc,cpu        ] GC(5) User=0.02s Sys=0.00s Real=0.00s
[2022-04-30T22:17:46.503+0100][gc,marking    ] GC(5) Concurrent Rebuild Remembered Sets
[2022-04-30T22:17:46.506+0100][gc,marking    ] GC(5) Concurrent Rebuild Remembered Sets 2.736ms
[2022-04-30T22:17:46.506+0100][gc,start      ] GC(5) Pause Cleanup
[2022-04-30T22:17:46.507+0100][gc            ] GC(5) Pause Cleanup 143M->143M(1024M) 0.520ms
[2022-04-30T22:17:46.507+0100][gc,cpu        ] GC(5) User=0.00s Sys=0.00s Real=0.00s
[2022-04-30T22:17:46.508+0100][gc,marking    ] GC(5) Concurrent Cleanup for Next Mark
[2022-04-30T22:17:46.511+0100][gc,marking    ] GC(5) Concurrent Cleanup for Next Mark 3.703ms
[2022-04-30T22:17:46.512+0100][gc            ] GC(5) Concurrent Cycle 20.011ms
[2022-04-30T22:23:10.421+0100][gc,start      ] GC(6) Pause Young (Normal) (G1 Evacuation Pause)
[2022-04-30T22:23:10.421+0100][gc,task       ] GC(6) Using 13 workers of 13 for evacuation
[2022-04-30T22:23:10.429+0100][gc,phases     ] GC(6)   Pre Evacuate Collection Set: 0.1ms
[2022-04-30T22:23:10.429+0100][gc,phases     ] GC(6)   Evacuate Collection Set: 6.3ms
[2022-04-30T22:23:10.429+0100][gc,phases     ] GC(6)   Post Evacuate Collection Set: 1.0ms
[2022-04-30T22:23:10.429+0100][gc,phases     ] GC(6)   Other: 0.6ms
[2022-04-30T22:23:10.429+0100][gc,heap       ] GC(6) Eden regions: 45->0(46)
[2022-04-30T22:23:10.429+0100][gc,heap       ] GC(6) Survivor regions: 6->5(7)
[2022-04-30T22:23:10.430+0100][gc,heap       ] GC(6) Old regions: 10->13
[2022-04-30T22:23:10.430+0100][gc,heap       ] GC(6) Humongous regions: 129->129
[2022-04-30T22:23:10.430+0100][gc,metaspace  ] GC(6) Metaspace: 41167K->41167K(1085440K)
[2022-04-30T22:23:10.430+0100][gc            ] GC(6) Pause Young (Normal) (G1 Evacuation Pause) 186M->144M(1024M) 9.595ms
[2022-04-30T22:23:10.430+0100][gc,cpu        ] GC(6) User=0.07s Sys=0.01s Real=0.01s
[2022-04-30T22:30:38.369+0100][gc,start      ] GC(7) Pause Young (Normal) (G1 Evacuation Pause)
[2022-04-30T22:30:38.370+0100][gc,task       ] GC(7) Using 13 workers of 13 for evacuation
[2022-04-30T22:30:38.375+0100][gc,phases     ] GC(7)   Pre Evacuate Collection Set: 0.1ms
[2022-04-30T22:30:38.375+0100][gc,phases     ] GC(7)   Evacuate Collection Set: 3.1ms
[2022-04-30T22:30:38.375+0100][gc,phases     ] GC(7)   Post Evacuate Collection Set: 1.1ms
[2022-04-30T22:30:38.375+0100][gc,phases     ] GC(7)   Other: 1.2ms
[2022-04-30T22:30:38.376+0100][gc,heap       ] GC(7) Eden regions: 46->0(45)
[2022-04-30T22:30:38.376+0100][gc,heap       ] GC(7) Survivor regions: 5->6(7)
[2022-04-30T22:30:38.376+0100][gc,heap       ] GC(7) Old regions: 13->15
[2022-04-30T22:30:38.376+0100][gc,heap       ] GC(7) Humongous regions: 129->129
[2022-04-30T22:30:38.376+0100][gc,metaspace  ] GC(7) Metaspace: 44530K->44530K(1089536K)
[2022-04-30T22:30:38.377+0100][gc            ] GC(7) Pause Young (Normal) (G1 Evacuation Pause) 190M->147M(1024M) 7.368ms
[2022-04-30T22:30:38.377+0100][gc,cpu        ] GC(7) User=0.03s Sys=0.01s Real=0.00s
[2022-04-30T22:41:13.114+0100][gc,start      ] GC(8) Pause Young (Normal) (G1 Evacuation Pause)
[2022-04-30T22:41:13.117+0100][gc,task       ] GC(8) Using 13 workers of 13 for evacuation
[2022-04-30T22:41:13.155+0100][gc,mmu        ] GC(8) MMU target violated: 21.0ms (20.0ms/21.0ms)
[2022-04-30T22:41:13.158+0100][gc,phases     ] GC(8)   Pre Evacuate Collection Set: 0.8ms
[2022-04-30T22:41:13.160+0100][gc,phases     ] GC(8)   Evacuate Collection Set: 29.5ms
[2022-04-30T22:41:13.162+0100][gc,phases     ] GC(8)   Post Evacuate Collection Set: 5.6ms
[2022-04-30T22:41:13.164+0100][gc,phases     ] GC(8)   Other: 8.5ms
[2022-04-30T22:41:13.166+0100][gc,heap       ] GC(8) Eden regions: 45->0(46)
[2022-04-30T22:41:13.168+0100][gc,heap       ] GC(8) Survivor regions: 6->5(7)
[2022-04-30T22:41:13.170+0100][gc,heap       ] GC(8) Old regions: 15->17
[2022-04-30T22:41:13.172+0100][gc,heap       ] GC(8) Humongous regions: 129->129
[2022-04-30T22:41:13.174+0100][gc,metaspace  ] GC(8) Metaspace: 44639K->44639K(1089536K)
[2022-04-30T22:41:13.176+0100][gc            ] GC(8) Pause Young (Normal) (G1 Evacuation Pause) 192M->149M(1024M) 62.235ms
[2022-04-30T22:41:13.178+0100][gc,cpu        ] GC(8) User=0.36s Sys=0.02s Real=0.06s
[2022-04-30T22:56:40.528+0100][gc,start      ] GC(9) Pause Young (Normal) (G1 Evacuation Pause)
[2022-04-30T22:56:40.528+0100][gc,task       ] GC(9) Using 13 workers of 13 for evacuation
[2022-04-30T22:56:40.533+0100][gc,phases     ] GC(9)   Pre Evacuate Collection Set: 0.1ms
[2022-04-30T22:56:40.534+0100][gc,phases     ] GC(9)   Evacuate Collection Set: 3.6ms
[2022-04-30T22:56:40.534+0100][gc,phases     ] GC(9)   Post Evacuate Collection Set: 0.6ms
[2022-04-30T22:56:40.534+0100][gc,phases     ] GC(9)   Other: 1.4ms
[2022-04-30T22:56:40.534+0100][gc,heap       ] GC(9) Eden regions: 46->0(47)
[2022-04-30T22:56:40.534+0100][gc,heap       ] GC(9) Survivor regions: 5->4(7)
[2022-04-30T22:56:40.535+0100][gc,heap       ] GC(9) Old regions: 17->18
[2022-04-30T22:56:40.535+0100][gc,heap       ] GC(9) Humongous regions: 129->129
[2022-04-30T22:56:40.535+0100][gc,metaspace  ] GC(9) Metaspace: 44750K->44750K(1089536K)
[2022-04-30T22:56:40.535+0100][gc            ] GC(9) Pause Young (Normal) (G1 Evacuation Pause) 195M->149M(1024M) 7.655ms
[2022-04-30T22:56:40.535+0100][gc,cpu        ] GC(9) User=0.03s Sys=0.01s Real=0.01s
[2022-04-30T22:59:50.115+0100][gc,heap,exit  ] Heap
[2022-04-30T22:59:50.116+0100][gc,heap,exit  ]  garbage-first heap   total 1048576K, used 175789K [0x00000000c0000000, 0x0000000100000000)
[2022-04-30T22:59:50.116+0100][gc,heap,exit  ]   region size 1024K, 27 young (27648K), 4 survivors (4096K)
[2022-04-30T22:59:50.116+0100][gc,heap,exit  ]  Metaspace       used 45635K, capacity 48573K, committed 48896K, reserved 1089536K
[2022-04-30T22:59:50.116+0100][gc,heap,exit  ]   class space    used 6364K, capacity 7818K, committed 7936K, reserved 1048576K
