[2022-04-30T18:35:08.837+0100][gc,heap] Heap region size: 1M
[2022-04-30T18:35:08.846+0100][gc     ] Using G1
[2022-04-30T18:35:08.846+0100][gc,heap,coops] Heap address: 0x00000000c0000000, size: 1024 MB, Compressed Oops mode: 32-bit
[2022-04-30T18:35:08.847+0100][gc,cds       ] Mark closed archive regions in map: [0x00000000fff00000, 0x00000000fff6aff8]
[2022-04-30T18:35:08.847+0100][gc,cds       ] Mark open archive regions in map: [0x00000000ffe00000, 0x00000000ffe46ff8]
[2022-04-30T18:35:11.985+0100][gc,start     ] GC(0) Pause Young (Normal) (G1 Evacuation Pause)
[2022-04-30T18:35:11.988+0100][gc,task      ] GC(0) Using 13 workers of 13 for evacuation
[2022-04-30T18:35:12.001+0100][gc,phases    ] GC(0)   Pre Evacuate Collection Set: 0.0ms
[2022-04-30T18:35:12.002+0100][gc,phases    ] GC(0)   Evacuate Collection Set: 11.2ms
[2022-04-30T18:35:12.002+0100][gc,phases    ] GC(0)   Post Evacuate Collection Set: 1.0ms
[2022-04-30T18:35:12.002+0100][gc,phases    ] GC(0)   Other: 4.0ms
[2022-04-30T18:35:12.003+0100][gc,heap      ] GC(0) Eden regions: 51->0(44)
[2022-04-30T18:35:12.003+0100][gc,heap      ] GC(0) Survivor regions: 0->7(7)
[2022-04-30T18:35:12.003+0100][gc,heap      ] GC(0) Old regions: 2->2
[2022-04-30T18:35:12.004+0100][gc,heap      ] GC(0) Humongous regions: 0->0
[2022-04-30T18:35:12.004+0100][gc,metaspace ] GC(0) Metaspace: 15485K->15485K(1062912K)
[2022-04-30T18:35:12.005+0100][gc           ] GC(0) Pause Young (Normal) (G1 Evacuation Pause) 51M->7M(1024M) 19.563ms
[2022-04-30T18:35:12.005+0100][gc,cpu       ] GC(0) User=0.13s Sys=0.01s Real=0.02s
[2022-04-30T18:35:12.933+0100][gc,start     ] GC(1) Pause Young (Concurrent Start) (Metadata GC Threshold)
[2022-04-30T18:35:12.933+0100][gc,task      ] GC(1) Using 13 workers of 13 for evacuation
[2022-04-30T18:35:12.947+0100][gc,phases    ] GC(1)   Pre Evacuate Collection Set: 0.1ms
[2022-04-30T18:35:12.947+0100][gc,phases    ] GC(1)   Evacuate Collection Set: 12.0ms
[2022-04-30T18:35:12.947+0100][gc,phases    ] GC(1)   Post Evacuate Collection Set: 0.7ms
[2022-04-30T18:35:12.948+0100][gc,phases    ] GC(1)   Other: 1.1ms
[2022-04-30T18:35:12.948+0100][gc,heap      ] GC(1) Eden regions: 20->0(50)
[2022-04-30T18:35:12.949+0100][gc,heap      ] GC(1) Survivor regions: 7->1(7)
[2022-04-30T18:35:12.949+0100][gc,heap      ] GC(1) Old regions: 2->9
[2022-04-30T18:35:12.949+0100][gc,heap      ] GC(1) Humongous regions: 0->0
[2022-04-30T18:35:12.950+0100][gc,metaspace ] GC(1) Metaspace: 20576K->20576K(1067008K)
[2022-04-30T18:35:12.950+0100][gc           ] GC(1) Pause Young (Concurrent Start) (Metadata GC Threshold) 27M->8M(1024M) 17.168ms
[2022-04-30T18:35:12.950+0100][gc,cpu       ] GC(1) User=0.08s Sys=0.03s Real=0.02s
[2022-04-30T18:35:12.950+0100][gc           ] GC(2) Concurrent Cycle
[2022-04-30T18:35:12.951+0100][gc,marking   ] GC(2) Concurrent Clear Claimed Marks
[2022-04-30T18:35:12.952+0100][gc,marking   ] GC(2) Concurrent Clear Claimed Marks 0.976ms
[2022-04-30T18:35:12.952+0100][gc,marking   ] GC(2) Concurrent Scan Root Regions
[2022-04-30T18:35:12.953+0100][gc,marking   ] GC(2) Concurrent Scan Root Regions 1.245ms
[2022-04-30T18:35:12.954+0100][gc,marking   ] GC(2) Concurrent Mark (4.168s)
[2022-04-30T18:35:12.954+0100][gc,marking   ] GC(2) Concurrent Mark From Roots
[2022-04-30T18:35:12.955+0100][gc,task      ] GC(2) Using 3 workers of 3 for marking
[2022-04-30T18:35:12.960+0100][gc,marking   ] GC(2) Concurrent Mark From Roots 5.744ms
[2022-04-30T18:35:12.961+0100][gc,marking   ] GC(2) Concurrent Preclean
[2022-04-30T18:35:12.961+0100][gc,marking   ] GC(2) Concurrent Preclean 0.483ms
[2022-04-30T18:35:12.961+0100][gc,marking   ] GC(2) Concurrent Mark (4.168s, 4.175s) 7.669ms
[2022-04-30T18:35:12.962+0100][gc,start     ] GC(2) Pause Remark
[2022-04-30T18:35:12.966+0100][gc,stringtable] GC(2) Cleaned string and symbol table, strings: 5057 processed, 0 removed, symbols: 50624 processed, 58 removed
[2022-04-30T18:35:12.967+0100][gc            ] GC(2) Pause Remark 8M->8M(1024M) 4.425ms
[2022-04-30T18:35:12.967+0100][gc,cpu        ] GC(2) User=0.02s Sys=0.00s Real=0.00s
[2022-04-30T18:35:12.968+0100][gc,marking    ] GC(2) Concurrent Rebuild Remembered Sets
[2022-04-30T18:35:12.971+0100][gc,marking    ] GC(2) Concurrent Rebuild Remembered Sets 3.464ms
[2022-04-30T18:35:12.972+0100][gc,start      ] GC(2) Pause Cleanup
[2022-04-30T18:35:12.973+0100][gc            ] GC(2) Pause Cleanup 8M->8M(1024M) 0.760ms
[2022-04-30T18:35:12.973+0100][gc,cpu        ] GC(2) User=0.00s Sys=0.00s Real=0.00s
[2022-04-30T18:35:12.974+0100][gc,marking    ] GC(2) Concurrent Cleanup for Next Mark
[2022-04-30T18:35:12.977+0100][gc,marking    ] GC(2) Concurrent Cleanup for Next Mark 3.383ms
[2022-04-30T18:35:12.978+0100][gc            ] GC(2) Concurrent Cycle 27.092ms
[2022-04-30T18:35:14.588+0100][gc,start      ] GC(3) Pause Young (Normal) (G1 Evacuation Pause)
[2022-04-30T18:35:14.588+0100][gc,task       ] GC(3) Using 13 workers of 13 for evacuation
[2022-04-30T18:35:14.592+0100][gc,phases     ] GC(3)   Pre Evacuate Collection Set: 0.0ms
[2022-04-30T18:35:14.593+0100][gc,phases     ] GC(3)   Evacuate Collection Set: 2.9ms
[2022-04-30T18:35:14.593+0100][gc,phases     ] GC(3)   Post Evacuate Collection Set: 0.7ms
[2022-04-30T18:35:14.593+0100][gc,phases     ] GC(3)   Other: 0.8ms
[2022-04-30T18:35:14.594+0100][gc,heap       ] GC(3) Eden regions: 50->0(46)
[2022-04-30T18:35:14.594+0100][gc,heap       ] GC(3) Survivor regions: 1->5(7)
[2022-04-30T18:35:14.594+0100][gc,heap       ] GC(3) Old regions: 9->9
[2022-04-30T18:35:14.595+0100][gc,heap       ] GC(3) Humongous regions: 129->129
[2022-04-30T18:35:14.595+0100][gc,metaspace  ] GC(3) Metaspace: 29170K->29170K(1075200K)
[2022-04-30T18:35:14.595+0100][gc            ] GC(3) Pause Young (Normal) (G1 Evacuation Pause) 187M->140M(1024M) 7.224ms
[2022-04-30T18:35:14.595+0100][gc,cpu        ] GC(3) User=0.02s Sys=0.01s Real=0.01s
[2022-04-30T18:35:15.321+0100][gc,start      ] GC(4) Pause Young (Concurrent Start) (Metadata GC Threshold)
[2022-04-30T18:35:15.321+0100][gc,task       ] GC(4) Using 13 workers of 13 for evacuation
[2022-04-30T18:35:15.330+0100][gc,phases     ] GC(4)   Pre Evacuate Collection Set: 0.1ms
[2022-04-30T18:35:15.330+0100][gc,phases     ] GC(4)   Evacuate Collection Set: 7.3ms
[2022-04-30T18:35:15.331+0100][gc,phases     ] GC(4)   Post Evacuate Collection Set: 1.0ms
[2022-04-30T18:35:15.331+0100][gc,phases     ] GC(4)   Other: 0.9ms
[2022-04-30T18:35:15.332+0100][gc,heap       ] GC(4) Eden regions: 26->0(45)
[2022-04-30T18:35:15.332+0100][gc,heap       ] GC(4) Survivor regions: 5->6(7)
[2022-04-30T18:35:15.332+0100][gc,heap       ] GC(4) Old regions: 9->10
[2022-04-30T18:35:15.332+0100][gc,heap       ] GC(4) Humongous regions: 129->129
[2022-04-30T18:35:15.333+0100][gc,metaspace  ] GC(4) Metaspace: 34469K->34469K(1081344K)
[2022-04-30T18:35:15.333+0100][gc            ] GC(4) Pause Young (Concurrent Start) (Metadata GC Threshold) 165M->142M(1024M) 12.411ms
[2022-04-30T18:35:15.333+0100][gc,cpu        ] GC(4) User=0.09s Sys=0.01s Real=0.01s
[2022-04-30T18:35:15.334+0100][gc            ] GC(5) Concurrent Cycle
[2022-04-30T18:35:15.334+0100][gc,marking    ] GC(5) Concurrent Clear Claimed Marks
[2022-04-30T18:35:15.335+0100][gc,marking    ] GC(5) Concurrent Clear Claimed Marks 0.491ms
[2022-04-30T18:35:15.335+0100][gc,marking    ] GC(5) Concurrent Scan Root Regions
[2022-04-30T18:35:15.337+0100][gc,marking    ] GC(5) Concurrent Scan Root Regions 2.277ms
[2022-04-30T18:35:15.338+0100][gc,marking    ] GC(5) Concurrent Mark (6.552s)
[2022-04-30T18:35:15.339+0100][gc,marking    ] GC(5) Concurrent Mark From Roots
[2022-04-30T18:35:15.339+0100][gc,task       ] GC(5) Using 3 workers of 3 for marking
[2022-04-30T18:35:15.346+0100][gc,marking    ] GC(5) Concurrent Mark From Roots 7.027ms
[2022-04-30T18:35:15.346+0100][gc,marking    ] GC(5) Concurrent Preclean
[2022-04-30T18:35:15.347+0100][gc,marking    ] GC(5) Concurrent Preclean 0.568ms
[2022-04-30T18:35:15.347+0100][gc,marking    ] GC(5) Concurrent Mark (6.552s, 6.561s) 8.953ms
[2022-04-30T18:35:15.348+0100][gc,start      ] GC(5) Pause Remark
[2022-04-30T18:35:15.353+0100][gc,stringtable] GC(5) Cleaned string and symbol table, strings: 10337 processed, 12 removed, symbols: 83240 processed, 16 removed
[2022-04-30T18:35:15.354+0100][gc            ] GC(5) Pause Remark 143M->143M(1024M) 5.913ms
[2022-04-30T18:35:15.354+0100][gc,cpu        ] GC(5) User=0.05s Sys=0.00s Real=0.01s
[2022-04-30T18:35:15.354+0100][gc,marking    ] GC(5) Concurrent Rebuild Remembered Sets
[2022-04-30T18:35:15.359+0100][gc,marking    ] GC(5) Concurrent Rebuild Remembered Sets 4.040ms
[2022-04-30T18:35:15.360+0100][gc,start      ] GC(5) Pause Cleanup
[2022-04-30T18:35:15.361+0100][gc            ] GC(5) Pause Cleanup 143M->143M(1024M) 0.775ms
[2022-04-30T18:35:15.361+0100][gc,cpu        ] GC(5) User=0.00s Sys=0.00s Real=0.00s
[2022-04-30T18:35:15.361+0100][gc,marking    ] GC(5) Concurrent Cleanup for Next Mark
[2022-04-30T18:35:15.366+0100][gc,marking    ] GC(5) Concurrent Cleanup for Next Mark 5.116ms
[2022-04-30T18:35:15.367+0100][gc            ] GC(5) Concurrent Cycle 33.267ms
[2022-04-30T18:35:34.148+0100][gc,heap,exit  ] Heap
[2022-04-30T18:35:34.148+0100][gc,heap,exit  ]  garbage-first heap   total 1048576K, used 167350K [0x00000000c0000000, 0x0000000100000000)
[2022-04-30T18:35:34.148+0100][gc,heap,exit  ]   region size 1024K, 29 young (29696K), 6 survivors (6144K)
[2022-04-30T18:35:34.149+0100][gc,heap,exit  ]  Metaspace       used 37765K, capacity 39465K, committed 39680K, reserved 1083392K
[2022-04-30T18:35:34.149+0100][gc,heap,exit  ]   class space    used 5018K, capacity 5860K, committed 5888K, reserved 1048576K
