[2022-04-30T21:54:21.604+0100][gc,heap] Heap region size: 1M
[2022-04-30T21:54:21.609+0100][gc     ] Using G1
[2022-04-30T21:54:21.610+0100][gc,heap,coops] Heap address: 0x00000000e0000000, size: 512 MB, Compressed Oops mode: 32-bit
[2022-04-30T21:54:21.610+0100][gc,cds       ] Mark closed archive regions in map: [0x00000000fff00000, 0x00000000fff6aff8]
[2022-04-30T21:54:21.610+0100][gc,cds       ] Mark open archive regions in map: [0x00000000ffe00000, 0x00000000ffe46ff8]
[2022-04-30T21:54:23.316+0100][gc,start     ] GC(0) Pause Young (Normal) (G1 Evacuation Pause)
[2022-04-30T21:54:23.318+0100][gc,task      ] GC(0) Using 12 workers of 13 for evacuation
[2022-04-30T21:54:23.340+0100][gc,phases    ] GC(0)   Pre Evacuate Collection Set: 0.0ms
[2022-04-30T21:54:23.340+0100][gc,phases    ] GC(0)   Evacuate Collection Set: 12.6ms
[2022-04-30T21:54:23.340+0100][gc,phases    ] GC(0)   Post Evacuate Collection Set: 0.5ms
[2022-04-30T21:54:23.340+0100][gc,phases    ] GC(0)   Other: 10.5ms
[2022-04-30T21:54:23.341+0100][gc,heap      ] GC(0) Eden regions: 25->0(21)
[2022-04-30T21:54:23.341+0100][gc,heap      ] GC(0) Survivor regions: 0->4(4)
[2022-04-30T21:54:23.341+0100][gc,heap      ] GC(0) Old regions: 2->5
[2022-04-30T21:54:23.341+0100][gc,heap      ] GC(0) Humongous regions: 0->0
[2022-04-30T21:54:23.342+0100][gc,metaspace ] GC(0) Metaspace: 7872K->7872K(1056768K)
[2022-04-30T21:54:23.342+0100][gc           ] GC(0) Pause Young (Normal) (G1 Evacuation Pause) 25M->7M(512M) 25.746ms
[2022-04-30T21:54:23.342+0100][gc,cpu       ] GC(0) User=0.06s Sys=0.09s Real=0.03s
[2022-04-30T21:55:39.107+0100][gc,heap,exit ] Heap
[2022-04-30T21:55:39.107+0100][gc,heap,exit ]  garbage-first heap   total 524288K, used 18078K [0x00000000e0000000, 0x0000000100000000)
[2022-04-30T21:55:39.108+0100][gc,heap,exit ]   region size 1024K, 15 young (15360K), 4 survivors (4096K)
[2022-04-30T21:55:39.108+0100][gc,heap,exit ]  Metaspace       used 9166K, capacity 9527K, committed 9856K, reserved 1058816K
[2022-04-30T21:55:39.108+0100][gc,heap,exit ]   class space    used 982K, capacity 1123K, committed 1152K, reserved 1048576K
