[2022-04-30T22:17:36.737+0100][gc,heap] Heap region size: 1M
[2022-04-30T22:17:36.741+0100][gc     ] Using G1
[2022-04-30T22:17:36.741+0100][gc,heap,coops] Heap address: 0x00000000e0000000, size: 512 MB, Compressed Oops mode: 32-bit
[2022-04-30T22:17:36.742+0100][gc,cds       ] Mark closed archive regions in map: [0x00000000fff00000, 0x00000000fff6aff8]
[2022-04-30T22:17:36.742+0100][gc,cds       ] Mark open archive regions in map: [0x00000000ffe00000, 0x00000000ffe46ff8]
[2022-04-30T22:17:38.227+0100][gc,start     ] GC(0) Pause Young (Normal) (G1 Evacuation Pause)
[2022-04-30T22:17:38.228+0100][gc,task      ] GC(0) Using 12 workers of 13 for evacuation
[2022-04-30T22:17:38.249+0100][gc,phases    ] GC(0)   Pre Evacuate Collection Set: 0.0ms
[2022-04-30T22:17:38.249+0100][gc,phases    ] GC(0)   Evacuate Collection Set: 12.1ms
[2022-04-30T22:17:38.250+0100][gc,phases    ] GC(0)   Post Evacuate Collection Set: 0.7ms
[2022-04-30T22:17:38.250+0100][gc,phases    ] GC(0)   Other: 9.8ms
[2022-04-30T22:17:38.250+0100][gc,heap      ] GC(0) Eden regions: 25->0(21)
[2022-04-30T22:17:38.250+0100][gc,heap      ] GC(0) Survivor regions: 0->4(4)
[2022-04-30T22:17:38.250+0100][gc,heap      ] GC(0) Old regions: 2->5
[2022-04-30T22:17:38.251+0100][gc,heap      ] GC(0) Humongous regions: 0->0
[2022-04-30T22:17:38.251+0100][gc,metaspace ] GC(0) Metaspace: 7563K->7563K(1056768K)
[2022-04-30T22:17:38.251+0100][gc           ] GC(0) Pause Young (Normal) (G1 Evacuation Pause) 25M->7M(512M) 24.508ms
[2022-04-30T22:17:38.251+0100][gc,cpu       ] GC(0) User=0.00s Sys=0.15s Real=0.03s
[2022-04-30T22:59:52.794+0100][gc,heap,exit ] Heap
[2022-04-30T22:59:52.795+0100][gc,heap,exit ]  garbage-first heap   total 524288K, used 25231K [0x00000000e0000000, 0x0000000100000000)
[2022-04-30T22:59:52.795+0100][gc,heap,exit ]   region size 1024K, 22 young (22528K), 4 survivors (4096K)
[2022-04-30T22:59:52.796+0100][gc,heap,exit ]  Metaspace       used 9501K, capacity 9851K, committed 10112K, reserved 1058816K
[2022-04-30T22:59:52.796+0100][gc,heap,exit ]   class space    used 981K, capacity 1123K, committed 1152K, reserved 1048576K
